###############################################################################
#
# IAR ELF Linker V7.30.1.7746/W32 for ARM                 01/Jul/2018  21:49:51
# Copyright 2007-2014 IAR Systems AB.
#
#    Output file  =  
#        D:\MK60-shengsai\6.28改\build\fire_demo\Debug\Exe\fire_gpio_demo.out
#    Map file     =  
#        D:\MK60-shengsai\6.28改\build\fire_demo\Debug\List\fire_gpio_demo.map
#    Command line =  
#        D:\MK60-shengsai\6.28改\build\fire_demo\Debug\Obj\adc.o
#        D:\MK60-shengsai\6.28改\build\fire_demo\Debug\Obj\alloc.o
#        D:\MK60-shengsai\6.28改\build\fire_demo\Debug\Obj\arm_cm4.o
#        D:\MK60-shengsai\6.28改\build\fire_demo\Debug\Obj\assert.o
#        D:\MK60-shengsai\6.28改\build\fire_demo\Debug\Obj\beep.o
#        D:\MK60-shengsai\6.28改\build\fire_demo\Debug\Obj\Car_init.o
#        D:\MK60-shengsai\6.28改\build\fire_demo\Debug\Obj\cmt.o
#        D:\MK60-shengsai\6.28改\build\fire_demo\Debug\Obj\crt0.o
#        D:\MK60-shengsai\6.28改\build\fire_demo\Debug\Obj\define.o
#        D:\MK60-shengsai\6.28改\build\fire_demo\Debug\Obj\delay.o
#        D:\MK60-shengsai\6.28改\build\fire_demo\Debug\Obj\dial_switch.o
#        D:\MK60-shengsai\6.28改\build\fire_demo\Debug\Obj\dma.o
#        D:\MK60-shengsai\6.28改\build\fire_demo\Debug\Obj\exti.o
#        D:\MK60-shengsai\6.28改\build\fire_demo\Debug\Obj\filter.o
#        D:\MK60-shengsai\6.28改\build\fire_demo\Debug\Obj\FTM.o
#        D:\MK60-shengsai\6.28改\build\fire_demo\Debug\Obj\getspeed.o
#        D:\MK60-shengsai\6.28改\build\fire_demo\Debug\Obj\gpio.o
#        D:\MK60-shengsai\6.28改\build\fire_demo\Debug\Obj\i2c.o
#        D:\MK60-shengsai\6.28改\src\LIB\CMSIS\iar_cortexM4l_math.a
#        D:\MK60-shengsai\6.28改\build\fire_demo\Debug\Obj\image_process.o
#        D:\MK60-shengsai\6.28改\build\fire_demo\Debug\Obj\io.o
#        D:\MK60-shengsai\6.28改\build\fire_demo\Debug\Obj\isr.o
#        D:\MK60-shengsai\6.28改\build\fire_demo\Debug\Obj\ISR_FUN.o
#        D:\MK60-shengsai\6.28改\build\fire_demo\Debug\Obj\LCD.o
#        D:\MK60-shengsai\6.28改\build\fire_demo\Debug\Obj\LED.o
#        D:\MK60-shengsai\6.28改\build\fire_demo\Debug\Obj\lptmr.o
#        D:\MK60-shengsai\6.28改\build\fire_demo\Debug\Obj\main.o
#        D:\MK60-shengsai\6.28改\build\fire_demo\Debug\Obj\mcg.o
#        D:\MK60-shengsai\6.28改\build\fire_demo\Debug\Obj\memtest.o
#        D:\MK60-shengsai\6.28改\build\fire_demo\Debug\Obj\MK60_spi.o
#        D:\MK60-shengsai\6.28改\build\fire_demo\Debug\Obj\mykey.o
#        D:\MK60-shengsai\6.28改\build\fire_demo\Debug\Obj\mymath.o
#        D:\MK60-shengsai\6.28改\build\fire_demo\Debug\Obj\mypower.o
#        D:\MK60-shengsai\6.28改\build\fire_demo\Debug\Obj\myPWM.o
#        D:\MK60-shengsai\6.28改\build\fire_demo\Debug\Obj\OV7725.o
#        D:\MK60-shengsai\6.28改\build\fire_demo\Debug\Obj\pid.o
#        D:\MK60-shengsai\6.28改\build\fire_demo\Debug\Obj\PIT.o
#        D:\MK60-shengsai\6.28改\build\fire_demo\Debug\Obj\port.o
#        D:\MK60-shengsai\6.28改\build\fire_demo\Debug\Obj\printf.o
#        D:\MK60-shengsai\6.28改\build\fire_demo\Debug\Obj\queue.o
#        D:\MK60-shengsai\6.28改\build\fire_demo\Debug\Obj\SCCB.o
#        D:\MK60-shengsai\6.28改\build\fire_demo\Debug\Obj\sdhc.o
#        D:\MK60-shengsai\6.28改\build\fire_demo\Debug\Obj\start.o
#        D:\MK60-shengsai\6.28改\build\fire_demo\Debug\Obj\startup.o
#        D:\MK60-shengsai\6.28改\build\fire_demo\Debug\Obj\stdlib.o
#        D:\MK60-shengsai\6.28改\build\fire_demo\Debug\Obj\sysinit.o
#        D:\MK60-shengsai\6.28改\build\fire_demo\Debug\Obj\uart.o
#        D:\MK60-shengsai\6.28改\build\fire_demo\Debug\Obj\uif.o
#        D:\MK60-shengsai\6.28改\build\fire_demo\Debug\Obj\vectors.o
#        D:\MK60-shengsai\6.28改\build\fire_demo\Debug\Obj\wdog.o -o
#        D:\MK60-shengsai\6.28改\build\fire_demo\Debug\Exe\fire_gpio_demo.out
#        --map
#        D:\MK60-shengsai\6.28改\build\fire_demo\Debug\List\fire_gpio_demo.map
#        --config "D:\MK60-shengsai\6.28改\build\fire_demo\..\config
#        files\fire_ROM_K60N512.icf" --semihosting --entry __iar_program_start
#        "C:\Program Files (x86)\IAR Systems\Embedded Workbench
#        7.0\arm\CMSIS\Lib\IAR\iar_cortexM4l_math.a" --vfe
#
###############################################################################

*******************************************************************************
*** RUNTIME MODEL ATTRIBUTES
***

CppFlavor       = *
__SystemLibrary = DLib


*******************************************************************************
*** PLACEMENT SUMMARY
***

"A1":  place at 0x00000000 { ro section .intvec };
"A2":  place at 0x00000410 { ro section .noinit };
"P1":  place in [from 0x00000000 to 0x00040000] { ro, block CodeRelocate };
"P2":  place in [from 0x1fff0410 to 0x20010000] {
          rw, block CodeRelocateRam, block CSTACK, block HEAP };

  Section              Kind        Address    Size  Object
  -------              ----        -------    ----  ------
"A1":                                        0x410
  .intvec              const    0x00000000   0x410  vectors.o [1]
                              - 0x00000410   0x410

"P1", part 1 of 2:                             0x0
  .rodata              const    0x00000410     0x0  zero_init3.o [5]

"A2":                                         0x3c
  .noinit              ro code  0x00000410    0x3c  crt0.o [1]
                              - 0x0000044c    0x3c

"P1", part 2 of 2:                          0xa158
  .text                ro code  0x0000044c  0x3978  image_process.o [1]
  .text                ro code  0x00003dc4   0xcb2  LCD.o [1]
  .text                ro code  0x00004a76    0x22  zero_init3.o [5]
  .text                ro code  0x00004a98    0x2c  I32ToDbl.o [4]
  .text                ro code  0x00004ac4   0x246  DblDiv.o [4]
  .text                ro code  0x00004d0c    0x4c  DblToI32.o [4]
  .text                ro code  0x00004d58   0x1a2  DblMul.o [4]
  .text                ro code  0x00004efc    0xe8  DblAdd.o [4]
  .text                ro code  0x00004fe4    0x32  I32ToFlt.o [4]
  .text                ro code  0x00005018    0x36  filter.o [1]
  .text                ro code  0x00005050    0x44  FltToS32.o [4]
  .text                ro code  0x00005094    0x82  mymath.o [1]
  .text                ro code  0x00005118   0x180  DblSub.o [4]
  .text                ro code  0x00005298   0x10c  gpio.o [1]
  .text                ro code  0x000053a4    0x24  delay.o [1]
  .text                ro code  0x000053c8    0xd8  FltMul.o [4]
  .text                ro code  0x000054a0    0xe6  FltSub.o [4]
  .text                ro code  0x00005588    0x84  FltAdd.o [4]
  .text                ro code  0x0000560c    0x18  assert.o [1]
  .text                ro code  0x00005624   0x564  printf.o [1]
  .text                ro code  0x00005b88    0x20  stdlib.o [1]
  .data_init                    0x00005ba8   0xcfc  <Block>
    Initializer bytes  ro data  0x00005ba8   0xcfc  <for .data-1>
  .text                ro code  0x000068a4   0x884  isr.o [1]
  .text                ro code  0x00007128   0x344  dma.o [1]
  .text                ro code  0x0000746c   0x128  arm_cm4.o [1]
  .text                ro code  0x00007594   0x3d4  uart.o [1]
  .text                ro code  0x00007968    0x74  beep.o [1]
  .text                ro code  0x000079dc   0x10c  getspeed.o [1]
  .text                ro code  0x00007ae8   0x110  ISR_FUN.o [1]
  .text                ro code  0x00007bf8   0x356  adc.o [1]
  .text                ro code  0x00007f4e   0x130  pid.o [1]
  .text                ro code  0x00008080    0x24  FltCmpGe.o [4]
  .text                ro code  0x000080a4    0x24  FltCmpLe.o [4]
  .text                ro code  0x000080c8   0x3d8  FTM.o [1]
  .text                ro code  0x000084a0   0x144  cmt.o [1]
  .text                ro code  0x000085e4   0x520  start.o [1]
  .text                ro code  0x00008b04    0x38  wdog.o [1]
  .text                ro code  0x00008b3c    0xc0  startup.o [1]
  .text                ro code  0x00008bfc    0x5c  sysinit.o [1]
  .text                ro code  0x00008c58   0x1d8  main.o [1]
  Veneer               ro code  0x00008e30     0x8  - Linker created -
  .text                ro code  0x00008e38   0x2f4  mcg.o [1]
  .text                ro code  0x0000912c   0x37c  Car_init.o [1]
  .text                ro code  0x000094a8   0x128  mykey.o [1]
  .text                ro code  0x000095d0   0x1e4  OV7725.o [1]
  .text                ro code  0x000097b4    0x70  PIT.o [1]
  .text                ro code  0x00009824   0x100  dial_switch.o [1]
  .text                ro code  0x00009924    0x1c  LED.o [1]
  .text                ro code  0x00009940    0x20  myPWM.o [1]
  .text                ro code  0x00009960    0x58  port.o [1]
  .text                ro code  0x000099b8   0x40a  SCCB.o [1]
  CodeRelocate                  0x00009dc4    0x50  <Block>
    Initializer bytes  ro data  0x00009dc4    0x50  <for CodeRelocateRam-1>
  .rodata              const    0x00009e14    0x4c  assert.o [1]
  .rodata              const    0x00009e60    0x48  start.o [1]
  .rodata              const    0x00009ea8    0x40  start.o [1]
  .rodata              const    0x00009ee8    0x3c  arm_cm4.o [1]
  .rodata              const    0x00009f24    0x38  arm_cm4.o [1]
  .rodata              const    0x00009f5c    0x30  adc.o [1]
  .rodata              const    0x00009f8c    0x30  dma.o [1]
  .rodata              const    0x00009fbc    0x30  FTM.o [1]
  .rodata              const    0x00009fec    0x30  gpio.o [1]
  .rodata              const    0x0000a01c    0x2c  start.o [1]
  .rodata              const    0x0000a048    0x28  start.o [1]
  .rodata              const    0x0000a070    0x28  start.o [1]
  .text                ro code  0x0000a098    0x28  data_init.o [5]
  .rodata              const    0x0000a0c0    0x24  OV7725.o [1]
  .iar.init_table      const    0x0000a0e4    0x10  - Linker created -
  .rodata              const    0x0000a0f4    0x20  OV7725.o [1]
  .rodata              const    0x0000a114    0x20  OV7725.o [1]
  .rodata              const    0x0000a134    0x20  start.o [1]
  .rodata              const    0x0000a154    0x20  start.o [1]
  .rodata              const    0x0000a174    0x20  start.o [1]
  .rodata              const    0x0000a194    0x20  start.o [1]
  .rodata              const    0x0000a1b4    0x20  start.o [1]
  .rodata              const    0x0000a1d4    0x1c  start.o [1]
  .rodata              const    0x0000a1f0    0x1c  start.o [1]
  .rodata              const    0x0000a20c    0x1c  start.o [1]
  .text                ro code  0x0000a228    0x1a  cmain.o [5]
  .text                ro code  0x0000a242     0x4  low_level_init.o [3]
  .text                ro code  0x0000a246     0x4  exit.o [3]
  .text                ro code  0x0000a24c     0xa  cexit.o [5]
  .text                ro code  0x0000a258    0x14  exit.o [6]
  .rodata              const    0x0000a26c    0x18  OV7725.o [1]
  .rodata              const    0x0000a284    0x18  start.o [1]
  .rodata              const    0x0000a29c    0x18  start.o [1]
  .rodata              const    0x0000a2b4    0x18  start.o [1]
  .rodata              const    0x0000a2cc    0x18  start.o [1]
  .rodata              const    0x0000a2e4    0x18  start.o [1]
  .rodata              const    0x0000a2fc    0x18  start.o [1]
  .rodata              const    0x0000a314    0x18  start.o [1]
  .rodata              const    0x0000a32c    0x18  start.o [1]
  .rodata              const    0x0000a344    0x14  OV7725.o [1]
  .rodata              const    0x0000a358    0x14  start.o [1]
  .rodata              const    0x0000a36c    0x14  start.o [1]
  .rodata              const    0x0000a380    0x14  start.o [1]
  .rodata              const    0x0000a394    0x14  start.o [1]
  .rodata              const    0x0000a3a8    0x14  start.o [1]
  .rodata              const    0x0000a3bc    0x14  start.o [1]
  .rodata              const    0x0000a3d0    0x14  start.o [1]
  .rodata              const    0x0000a3e4    0x14  start.o [1]
  .rodata              const    0x0000a3f8    0x10  isr.o [1]
  .rodata              const    0x0000a408    0x10  isr.o [1]
  .rodata              const    0x0000a418    0x10  OV7725.o [1]
  .rodata              const    0x0000a428    0x10  start.o [1]
  .rodata              const    0x0000a438    0x10  start.o [1]
  .rodata              const    0x0000a448    0x10  start.o [1]
  .rodata              const    0x0000a458    0x10  start.o [1]
  .rodata              const    0x0000a468    0x10  start.o [1]
  .rodata              const    0x0000a478    0x10  start.o [1]
  .rodata              const    0x0000a488    0x10  start.o [1]
  .rodata              const    0x0000a498    0x10  start.o [1]
  .rodata              const    0x0000a4a8    0x10  start.o [1]
  .rodata              const    0x0000a4b8    0x10  start.o [1]
  .rodata              const    0x0000a4c8    0x10  start.o [1]
  .rodata              const    0x0000a4d8    0x10  start.o [1]
  .rodata              const    0x0000a4e8    0x10  start.o [1]
  .text                ro code  0x0000a4f8    0x10  io.o [1]
  .rodata              const    0x0000a508     0xc  start.o [1]
  .rodata              const    0x0000a514     0xc  start.o [1]
  .rodata              const    0x0000a520     0xc  start.o [1]
  .rodata              const    0x0000a52c     0xc  start.o [1]
  .text                ro code  0x0000a538     0xc  cstartup_M.o [5]
  .rodata              const    0x0000a544     0x8  image_process.o [1]
  .rodata              const    0x0000a54c     0x8  image_process.o [1]
  .rodata              const    0x0000a554     0x8  isr.o [1]
  .rodata              const    0x0000a55c     0x8  start.o [1]
  .rodata              const    0x0000a564     0x8  start.o [1]
  .rodata              const    0x0000a56c     0x8  start.o [1]
  .rodata              const    0x0000a574     0x8  start.o [1]
  .rodata              const    0x0000a57c     0x8  start.o [1]
  .rodata              const    0x0000a584     0x8  start.o [1]
  .rodata              const    0x0000a58c     0x8  start.o [1]
  .rodata              const    0x0000a594     0x8  start.o [1]
  .text                ro code  0x0000a59c     0x8  vectors.o [1]
                              - 0x0000a5a4  0xa158

"P2":                                       0x698c
  .data                         0x1fff0410   0xcfc  <Block>
    .data-1                     0x1fff0410   0xcfc  <Init block>
      .data            inited   0x1fff0410     0x8  adc.o [1]
      .data            inited   0x1fff0418     0x4  beep.o [1]
      .data            inited   0x1fff041c     0xc  FTM.o [1]
      .data            inited   0x1fff0428    0x14  gpio.o [1]
      .data            inited   0x1fff043c    0x14  gpio.o [1]
      .data            inited   0x1fff0450    0x14  image_process.o [1]
      .data            inited   0x1fff0464     0x8  image_process.o [1]
      .data            inited   0x1fff046c    0x58  image_process.o [1]
      .data            inited   0x1fff04c4     0xc  image_process.o [1]
      .data            inited   0x1fff04d0     0x1  isr.o [1]
      .data            inited   0x1fff04d4   0x800  LCD.o [1]
      .data            inited   0x1fff0cd4   0x36c  LCD.o [1]
      .data            inited   0x1fff1040     0x4  main.o [1]
      .data            inited   0x1fff1044     0x4  main.o [1]
      .data            inited   0x1fff1048     0x1  main.o [1]
      .data            inited   0x1fff1049     0x1  main.o [1]
      .data            inited   0x1fff104a     0x1  main.o [1]
      .data            inited   0x1fff104b     0x1  main.o [1]
      .data            inited   0x1fff104c     0x4  main.o [1]
      .data            inited   0x1fff1050     0x4  main.o [1]
      .data            inited   0x1fff1054     0x4  main.o [1]
      .data            inited   0x1fff1058     0x4  main.o [1]
      .data            inited   0x1fff105c     0x1  main.o [1]
      .data            inited   0x1fff1060     0x4  main.o [1]
      .data            inited   0x1fff1064     0x4  main.o [1]
      .data            inited   0x1fff1068     0x1  main.o [1]
      .data            inited   0x1fff106c     0x4  main.o [1]
      .data            inited   0x1fff1070     0x2  main.o [1]
      .data            inited   0x1fff1072     0x2  main.o [1]
      .data            inited   0x1fff1074     0x2  main.o [1]
      .data            inited   0x1fff1078     0x8  main.o [1]
      .data            inited   0x1fff1080     0x8  mcg.o [1]
      .data            inited   0x1fff1088     0x1  mykey.o [1]
      .data            inited   0x1fff1089     0x1  OV7725.o [1]
      .data            inited   0x1fff108a     0x1  OV7725.o [1]
      .data            inited   0x1fff108c    0x64  OV7725.o [1]
      .data            inited   0x1fff10f0     0x1  OV7725.o [1]
      .data            inited   0x1fff10f4    0x18  uart.o [1]
  CodeRelocateRam               0x1fff110c    0x50  <Block>
    CodeRelocateRam-1           0x1fff110c    0x50  <Init block>
      .textrw          inited   0x1fff110c    0x50  mcg.o [1]
  .bss                          0x1fff115c  0x5c40  <Block>
    .bss               zero     0x1fff115c    0x10  adc.o [1]
    .bss               zero     0x1fff116c   0x140  image_process.o [1]
    .bss               zero     0x1fff12ac   0xe14  image_process.o [1]
    .bss               zero     0x1fff20c0     0xc  image_process.o [1]
    .bss               zero     0x1fff20cc     0x4  image_process.o [1]
    .bss               zero     0x1fff20d0     0x4  image_process.o [1]
    .bss               zero     0x1fff20d4     0x4  image_process.o [1]
    .bss               zero     0x1fff20d8    0x14  image_process.o [1]
    .bss               zero     0x1fff20ec     0x4  isr.o [1]
    .bss               zero     0x1fff20f0     0x8  isr.o [1]
    .bss               zero     0x1fff20f8     0x4  isr.o [1]
    .bss               zero     0x1fff20fc     0x4  isr.o [1]
    .bss               zero     0x1fff2100     0x4  isr.o [1]
    .bss               zero     0x1fff2104     0x4  main.o [1]
    .bss               zero     0x1fff2108     0x4  main.o [1]
    .bss               zero     0x1fff210c     0x4  main.o [1]
    .bss               zero     0x1fff2110     0x4  main.o [1]
    .bss               zero     0x1fff2114     0x4  main.o [1]
    .bss               zero     0x1fff2118     0x4  main.o [1]
    .bss               zero     0x1fff211c    0x38  main.o [1]
    .bss               zero     0x1fff2154    0x38  main.o [1]
    .bss               zero     0x1fff218c    0x38  main.o [1]
    .bss               zero     0x1fff21c4     0x4  main.o [1]
    .bss               zero     0x1fff21c8     0x4  main.o [1]
    .bss               zero     0x1fff21cc     0x4  main.o [1]
    .bss               zero     0x1fff21d0     0x4  main.o [1]
    .bss               zero     0x1fff21d4    0x38  main.o [1]
    .bss               zero     0x1fff220c  0x25a8  OV7725.o [1]
    .bss               zero     0x1fff47b4  0x25a8  OV7725.o [1]
    .bss               zero     0x1fff6d5c     0x4  OV7725.o [1]
    .bss               zero     0x1fff6d60     0x4  sysinit.o [1]
    .bss               zero     0x1fff6d64     0x4  sysinit.o [1]
    .bss               zero     0x1fff6d68     0x4  sysinit.o [1]
    .bss               zero     0x1fff6d6c    0x18  uart.o [1]
    .bss               zero     0x1fff6d84     0x2  cmt.o [1]
    .bss               zero     0x1fff6d86     0x2  LCD.o [1]
    .bss               zero     0x1fff6d88     0x2  LCD.o [1]
    .bss               zero     0x1fff6d8a     0x2  main.o [1]
    .bss               zero     0x1fff6d8c     0x1  image_process.o [1]
    .bss               zero     0x1fff6d8d     0x1  image_process.o [1]
    .bss               zero     0x1fff6d8e     0x1  image_process.o [1]
    .bss               zero     0x1fff6d8f     0x1  image_process.o [1]
    .bss               zero     0x1fff6d90     0x1  image_process.o [1]
    .bss               zero     0x1fff6d91     0x1  isr.o [1]
    .bss               zero     0x1fff6d92     0x1  isr.o [1]
    .bss               zero     0x1fff6d93     0x1  isr.o [1]
    .bss               zero     0x1fff6d94     0x1  main.o [1]
    .bss               zero     0x1fff6d95     0x1  main.o [1]
    .bss               zero     0x1fff6d96     0x1  main.o [1]
    .bss               zero     0x1fff6d97     0x1  main.o [1]
    .bss               zero     0x1fff6d98     0x1  main.o [1]
    .bss               zero     0x1fff6d99     0x1  main.o [1]
                              - 0x1fff6d9c  0x698c


*******************************************************************************
*** INIT TABLE
***

          Address     Size
          -------     ----
Zero (__iar_zero_init3)
    1 destination range, total size 0x5c3e:
          0x1fff115c  0x5c3e



*******************************************************************************
*** MODULE SUMMARY
***

    Module            ro code  rw code  ro data  rw data
    ------            -------  -------  -------  -------
D:\MK60-shengsai\6.28改\build\fire_demo\Debug\Obj: [1]
    Car_init.o            892
    FTM.o                 984                60       12
    ISR_FUN.o             272
    LCD.o               3 250             2 927    2 928
    LED.o                  28
    OV7725.o              484               264   19 387
    PIT.o                 112
    SCCB.o              1 034
    adc.o                 854                56       24
    arm_cm4.o             296               116
    assert.o               24                76
    beep.o                116                 4        4
    cmt.o                 324                          2
    crt0.o                 60
    delay.o                36
    dial_switch.o         256
    dma.o                 836                48
    filter.o               54
    getspeed.o            268
    gpio.o                268                88       40
    image_process.o    14 712               144    4 101
    io.o                   16
    isr.o               2 180                41       28
    main.o                472                64      328
    mcg.o                 756       80       88        8
    myPWM.o                32
    mykey.o               296                 1        1
    mymath.o              130
    pid.o                 304
    port.o                 88
    printf.o            1 380
    start.o             1 312             1 176
    startup.o             192
    stdlib.o               32
    sysinit.o              92                         12
    uart.o                980                27       48
    vectors.o               8             1 040
    wdog.o                 56
    ----------------------------------------------------
    Total:             33 486       80    6 220   26 923

command line: [2]
    ----------------------------------------------------
    Total:

dl7M_tln.a: [3]
    exit.o                  4
    low_level_init.o        4
    ----------------------------------------------------
    Total:                  8

m7M_tl.a: [4]
    DblAdd.o              232
    DblDiv.o              582
    DblMul.o              418
    DblSub.o              384
    DblToI32.o             76
    FltAdd.o              132
    FltCmpGe.o             36
    FltCmpLe.o             36
    FltMul.o              216
    FltSub.o              230
    FltToS32.o             68
    I32ToDbl.o             44
    I32ToFlt.o             50
    ----------------------------------------------------
    Total:              2 504

rt7M_tl.a: [5]
    cexit.o                10
    cmain.o                26
    cstartup_M.o           12
    data_init.o            40
    zero_init3.o           34
    ----------------------------------------------------
    Total:                122

shb_l.a: [6]
    exit.o                 20
    ----------------------------------------------------
    Total:                 20

    Gaps                   18                         15
    Linker created          8                16
--------------------------------------------------------
    Grand Total:       36 166       80    6 236   26 938


*******************************************************************************
*** ENTRY LIST
***

Entry                      Address    Size  Type      Object
-----                      -------    ----  ----      ------
.bss$$Base              0x1fff115c           --   Gb  - Linker created -
.bss$$Limit             0x1fff6d9c           --   Gb  - Linker created -
.data$$Base             0x1fff0410           --   Gb  - Linker created -
.data$$Limit            0x1fff110c           --   Gb  - Linker created -
.data_init$$Base        0x00005ba8           --   Gb  - Linker created -
.data_init$$Limit       0x000068a4           --   Gb  - Linker created -
?main                   0x0000a229          Code  Gb  cmain.o [5]
ADCx                    0x1fff0410     0x8  Data  Gb  adc.o [1]
ASSERT_FAILED_STR       0x00009e14    0x4c  Data  Gb  assert.o [1]
Acc_K                   0x1fff106c     0x4  Data  Gb  main.o [1]
Acc_Limit               0x1fff1068     0x1  Data  Gb  main.o [1]
BEEP_Open_once          0x0000797d    0x22  Code  Gb  beep.o [1]
Back_Color              0x1fff6d88     0x2  Data  Gb  LCD.o [1]
Beep_ISR                0x000079b5    0x24  Code  Gb  beep.o [1]
Beep_Once               0x0000799f    0x16  Code  Gb  beep.o [1]
Blue_Start_Flag         0x1fff104b     0x1  Data  Gb  main.o [1]
Brush_Color             0x1fff6d86     0x2  Data  Gb  LCD.o [1]
Center_Filter           0x1fff0450    0x14  Data  Gb  image_process.o [1]
CenterlineToDiff        0x00000d85    0x58  Code  Gb  image_process.o [1]
CodeRelocate$$Base      0x00009dc4           --   Gb  - Linker created -
CodeRelocate$$Limit     0x00009e14           --   Gb  - Linker created -
CodeRelocateRam$$Base   0x1fff110c           --   Gb  - Linker created -
CodeRelocateRam$$Limit  0x1fff115c           --   Gb  - Linker created -
Cross                   0x1fff04c4     0xc  Data  Gb  image_process.o [1]
Cross_center_test       0x0000352d   0x32a  Code  Gb  image_process.o [1]
Cross_curve_test        0x00002f6d   0x5ba  Code  Gb  image_process.o [1]
Cross_pre_test          0x0000387d   0x316  Code  Gb  image_process.o [1]
Cross_process           0x00002af1    0x26  Code  Gb  image_process.o [1]
DIFF_DOWN               0x1fff1064     0x4  Data  Gb  main.o [1]
DIFF_PID_CHANGE_FLAG    0x1fff6d99     0x1  Data  Gb  main.o [1]
DIFF_UP                 0x1fff1060     0x4  Data  Gb  main.o [1]
DMA0_IRQHandler         0x00006979    0x5c  Code  Gb  isr.o [1]
DMA_PORTx2BUFF_Init     0x00007129   0x30a  Code  Gb  dma.o [1]
Diff_PID                0x1fff218c    0x38  Data  Gb  main.o [1]
Diff_PID_Process        0x00007fdd    0x50  Code  Gb  pid.o [1]
Diff_error              0x1fff21c4     0x4  Data  Gb  main.o [1]
Disp_single_colour      0x000045bd    0x34  Code  Gb  LCD.o [1]
Duty_Motor1             0x1fff2114     0x4  Data  Gb  main.o [1]
Duty_Motor2             0x1fff2118     0x4  Data  Gb  main.o [1]
Elec_Island             0x00000e6f    0x8e  Code  Gb  image_process.o [1]
FTM0_IRQHandler         0x00007123     0x2  Code  Gb  isr.o [1]
FTM1_IRQHandler         0x00007125     0x2  Code  Gb  isr.o [1]
FTM2_IRQHandler         0x00007127     0x2  Code  Gb  isr.o [1]
FTM_PWM_Duty            0x000083e3    0x76  Code  Gb  FTM.o [1]
FTM_PWM_init            0x000080c9   0x31a  Code  Gb  FTM.o [1]
FTMx                    0x1fff041c     0xc  Data  Gb  FTM.o [1]
Find_Start_line         0x00003c29   0x13c  Code  Gb  image_process.o [1]
Font8x16                0x1fff04d4   0x800  Data  Gb  LCD.o [1]
GPIOx                   0x1fff0428    0x14  Data  Gb  gpio.o [1]
Get_speed2              0x00007a75    0x4a  Code  Gb  getspeed.o [1]
HardFault_Handler       0x000069d7     0x2  Code  Gb  isr.o [1]
I_TEMP2                 0x1fff1050     0x4  Data  Gb  main.o [1]
ImageData               0x1fff116c   0x140  Data  Gb  image_process.o [1]
Image_Flag              0x1fff105c     0x1  Data  Gb  main.o [1]
Image_Island_Test       0x00001b61   0x346  Code  Gb  image_process.o [1]
Image_Island_Test_Beep  0x1fff0418     0x4  Data  Gb  beep.o [1]
Image_fire              0x1fff6d5c     0x4  Data  Gb  OV7725.o [1]
Image_fire_Memory1      0x1fff220c  0x25a8  Data  Gb  OV7725.o [1]
Image_fire_Memory2      0x1fff47b4  0x25a8  Data  Gb  OV7725.o [1]
Image_hang              0x1fff12ac   0xe14  Data  Gb  image_process.o [1]
Image_lie               0x1fff0464     0x8  Data  Gb  image_process.o [1]
In_Cross                0x00002b55   0x40a  Code  Gb  image_process.o [1]
In_Cross_test           0x00002b17    0x34  Code  Gb  image_process.o [1]
In_Island               0x00000f21   0x3a4  Code  Gb  image_process.o [1]
In_Island_center        0x000012d9   0x2b4  Code  Gb  image_process.o [1]
Island                  0x1fff046c    0x58  Data  Gb  image_process.o [1]
Island_process          0x00000e55    0x1a  Code  Gb  image_process.o [1]
KEY_Scan                0x000094fd    0xc0  Code  Gb  mykey.o [1]
Key_Start_Flag          0x1fff6d98     0x1  Data  Gb  main.o [1]
Key_status              0x1fff6d95     0x1  Data  Gb  main.o [1]
LCD_DISPLAY_FLAG        0x1fff1049     0x1  Data  Gb  main.o [1]
LCD_DrawBigPoint        0x00004a43    0x34  Code  Gb  LCD.o [1]
LCD_DrawPoint           0x00004a1f    0x24  Code  Gb  LCD.o [1]
LCD_Draw_Line           0x00004961    0xbe  Code  Gb  LCD.o [1]
LCD_PORT_init           0x00003dc5    0x34  Code  Gb  LCD.o [1]
LCD_PutChar             0x00004425    0x28  Code  Gb  LCD.o [1]
LCD_PutChar8x16         0x000044ad    0x6c  Code  Gb  LCD.o [1]
LCD_PutString           0x0000444d    0x60  Code  Gb  LCD.o [1]
LCD_Put_Int             0x000045f5   0x306  Code  Gb  LCD.o [1]
LCD_SetPos              0x000043c7    0x5e  Code  Gb  LCD.o [1]
LCD_init                0x00003df9   0x23c  Code  Gb  LCD.o [1]
L_AD_Ave                0x1fff2104     0x4  Data  Gb  main.o [1]
MY_adc_init             0x00007f3b    0x14  Code  Gb  adc.o [1]
Master_Adc_Config       0x1fff115c    0x10  Data  Gb  adc.o [1]
Memory_use_Flag         0x1fff1089     0x1  Data  Gb  OV7725.o [1]
Motor1                  0x1fff210c     0x4  Data  Gb  main.o [1]
Motor1_PID              0x1fff211c    0x38  Data  Gb  main.o [1]
Motor2                  0x1fff2110     0x4  Data  Gb  main.o [1]
Motor2_PID              0x1fff2154    0x38  Data  Gb  main.o [1]
Motor_enable_Flag       0x1fff104a     0x1  Data  Gb  main.o [1]
Motot2_Init             0x00009941    0x20  Code  Gb  myPWM.o [1]
Out_Island              0x00001731   0x412  Code  Gb  image_process.o [1]
Out_Island_Test         0x00001fb5   0x390  Code  Gb  image_process.o [1]
Ov7725_Init             0x000096a1    0x12  Code  Gb  OV7725.o [1]
Ov7725_exti_Init        0x000095d1    0xb8  Code  Gb  OV7725.o [1]
Ov7725_reg_Init         0x000096b3    0xbe  Code  Gb  OV7725.o [1]
PID_Init                0x0000802d    0x52  Code  Gb  pid.o [1]
PID_process             0x00007f4f    0x8e  Code  Gb  pid.o [1]
PIT0_IRQHandler         0x00006d31   0x276  Code  Gb  isr.o [1]
PIT2_IRQHandler         0x00006fb5     0xe  Code  Gb  isr.o [1]
PIT3_IRQHandler         0x00006fa7     0xe  Code  Gb  isr.o [1]
PORTA_IRQHandler        0x00006fc5    0x48  Code  Gb  isr.o [1]
PORTB_IRQHandler        0x0000700d    0x26  Code  Gb  isr.o [1]
PORTC_IRQHandler        0x00006fc3     0x2  Code  Gb  isr.o [1]
PORTE_IRQHandler        0x00007121     0x2  Code  Gb  isr.o [1]
PORTX                   0x1fff043c    0x14  Data  Gb  gpio.o [1]
P_TEMP2                 0x1fff104c     0x4  Data  Gb  main.o [1]
Parameters_init_CAR     0x000091e5   0x22e  Code  Gb  Car_init.o [1]
PendSV_Handler          0x000069d5     0x2  Code  Gb  isr.o [1]
PutGB1616               0x00004519    0xa4  Code  Gb  LCD.o [1]
R_AD_Ave                0x1fff2108     0x4  Data  Gb  main.o [1]
Reduct_Flag             0x1fff6d97     0x1  Data  Gb  main.o [1]
Region$$Table$$Base     0x0000a0e4           --   Gb  - Linker created -
Region$$Table$$Limit    0x0000a0f4           --   Gb  - Linker created -
Reset_Handler           0x00000411          Code  Gb  crt0.o [1]
SCCB_Ack                0x00009ad9    0x4c  Code  Lc  SCCB.o [1]
SCCB_GPIO_init          0x000099d3    0x1c  Code  Gb  SCCB.o [1]
SCCB_NoAck              0x00009b25    0x4c  Code  Lc  SCCB.o [1]
SCCB_ReadByte           0x00009d3d    0x86  Code  Gb  SCCB.o [1]
SCCB_ReceiveByte        0x00009c63    0x84  Code  Lc  SCCB.o [1]
SCCB_SendByte           0x00009bf9    0x6a  Code  Lc  SCCB.o [1]
SCCB_Start              0x000099ef    0xaa  Code  Lc  SCCB.o [1]
SCCB_Stop               0x00009a99    0x40  Code  Lc  SCCB.o [1]
SCCB_WaitAck            0x00009b71    0x88  Code  Lc  SCCB.o [1]
SCCB_WriteByte          0x00009cf5    0x48  Code  Gb  SCCB.o [1]
SCCB_delay              0x000099b9    0x1a  Code  Lc  SCCB.o [1]
SCI_Send_Datas          0x00007817    0xf8  Code  Gb  uart.o [1]
Send_Image_to_LCD       0x00004905    0x58  Code  Gb  LCD.o [1]
Servo_Diff_PID          0x00007b65    0x54  Code  Gb  ISR_FUN.o [1]
Servo_PID               0x1fff21d4    0x38  Data  Gb  main.o [1]
Slow_Flag               0x1fff6d96     0x1  Data  Gb  main.o [1]
Speed_goal1             0x1fff1040     0x4  Data  Gb  main.o [1]
Speed_goal1_TEMP        0x1fff1054     0x4  Data  Gb  main.o [1]
Speed_goal2             0x1fff1044     0x4  Data  Gb  main.o [1]
Speed_goal2_TEMP        0x1fff1058     0x4  Data  Gb  main.o [1]
Speed_output            0x00007ae9    0x7c  Code  Gb  ISR_FUN.o [1]
Speed_stand             0x1fff6d8a     0x2  Data  Gb  main.o [1]
Start_Line_process      0x00003d65    0x4c  Code  Gb  image_process.o [1]
Start_line              0x1fff1078     0x8  Data  Gb  main.o [1]
Stay2Out_test           0x00002365   0x30e  Code  Gb  image_process.o [1]
Stay_Island             0x00001591   0x18a  Code  Gb  image_process.o [1]
Str_Cross               0x00003b93    0x96  Code  Gb  image_process.o [1]
Str_Cross_Test          0x00000ddd    0x54  Code  Gb  image_process.o [1]
Switch_Status           0x1fff6d94     0x1  Data  Gb  main.o [1]
SysTick_Handler         0x000069d9     0x2  Code  Gb  isr.o [1]
System_Init             0x0000912d    0xb8  Code  Gb  Car_init.o [1]
Test_Far_Lie            0x00001ea7    0xf4  Code  Gb  image_process.o [1]
TimeCnt_Start_Reduct_Flag
                        0x1fff04d0     0x1  Data  Gb  isr.o [1]
Time_1ms                0x1fff21c8     0x4  Data  Gb  main.o [1]
UARTx                   0x1fff10f4    0x18  Data  Gb  uart.o [1]
USART1_IRQHandler       0x000069db     0x2  Code  Gb  isr.o [1]
USART2_IRQHandler       0x000069dd     0x2  Code  Gb  isr.o [1]
USART3_IRQHandler       0x000069df     0x2  Code  Gb  isr.o [1]
USART5_IRQHandler       0x000069e1   0x34c  Code  Gb  isr.o [1]
VSYNC_IRQ               0x000068a5    0xd4  Code  Gb  isr.o [1]
Wait_Next_Island        0x00002673    0xde  Code  Gb  image_process.o [1]
Wait_Next_center        0x00002755   0x39c  Code  Gb  image_process.o [1]
__BOOT_STACK_ADDRESS {Abs}
                        0x2000fff8           --   Gb  command line/config [2]
__VECTOR_RAM {Abs}      0x1fff0000           --   Gb  command line/config [2]
__VECTOR_TABLE {Abs}    0x00000000           --   Gb  command line/config [2]
__aeabi_cfcmple         0x000080a5          Code  Gb  FltCmpLe.o [4]
__aeabi_cfrcmple        0x00008081          Code  Gb  FltCmpGe.o [4]
__aeabi_d2iz            0x00004d0d          Code  Gb  DblToI32.o [4]
__aeabi_dadd            0x00004efd          Code  Gb  DblAdd.o [4]
__aeabi_ddiv            0x00004ac5          Code  Gb  DblDiv.o [4]
__aeabi_dmul            0x00004d59          Code  Gb  DblMul.o [4]
__aeabi_dsub            0x00005119          Code  Gb  DblSub.o [4]
__aeabi_f2iz            0x00005051          Code  Gb  FltToS32.o [4]
__aeabi_fadd            0x00005589          Code  Gb  FltAdd.o [4]
__aeabi_fmul            0x000053c9          Code  Gb  FltMul.o [4]
__aeabi_fsub            0x000054a1          Code  Gb  FltSub.o [4]
__aeabi_i2d             0x00004a99          Code  Gb  I32ToDbl.o [4]
__aeabi_i2f             0x00004fe5          Code  Gb  I32ToFlt.o [4]
__aeabi_ui2f            0x00004ff9          Code  Gb  I32ToFlt.o [4]
__cmain                 0x0000a229          Code  Gb  cmain.o [5]
__code_start__ {Abs}    0x00000410           --   Gb  command line/config [2]
__exit                  0x0000a259    0x14  Code  Gb  exit.o [6]
__iar_d2uiz             0x00004d39          Code  Gb  DblToI32.o [4]
__iar_dadd              0x00004f11          Code  Gb  DblAdd.o [4]
__iar_data_init3        0x0000a099    0x28  Code  Gb  data_init.o [5]
__iar_dsub              0x0000512d          Code  Gb  DblSub.o [4]
__iar_dsubStart         0x0000513f          Code  Gb  DblSub.o [4]
__iar_fadd              0x00005599          Code  Gb  FltAdd.o [4]
__iar_fsub              0x000054b1          Code  Gb  FltSub.o [4]
__iar_fsubStart         0x000054c1          Code  Gb  FltSub.o [4]
__iar_program_start     0x0000a539          Code  Gb  cstartup_M.o [5]
__iar_ui2d              0x00004aad          Code  Gb  I32ToDbl.o [4]
__iar_ui2f              0x00004ffd          Code  Gb  I32ToFlt.o [4]
__iar_zero_init3        0x00004a77    0x22  Code  Gb  zero_init3.o [5]
__low_level_init        0x0000a243     0x4  Code  Gb  low_level_init.o [3]
__vector_table          0x00000000   0x410  Data  Gb  vectors.o [1]
_call_main              0x0000a235          Code  Gb  cmain.o [5]
_exit                   0x0000a24d          Code  Gb  cexit.o [5]
_main                   0x0000a23f          Code  Gb  cmain.o [5]
ad_once                 0x00007e2f    0x7e  Code  Gb  adc.o [1]
adc_config_alt          0x00007f15    0x26  Code  Lc  adc.o [1]
adc_init                0x00007bf9   0x236  Code  Gb  adc.o [1]
adc_start               0x00007ead    0x48  Code  Gb  adc.o [1]
assert_failed           0x0000560d    0x18  Code  Gb  assert.o [1]
bus_clk_khz             0x1fff6d68     0x4  Data  Gb  sysinit.o [1]
button_timeout          0x1fff1048     0x1  Data  Gb  main.o [1]
cfgnum                  0x1fff10f0     0x1  Data  Gb  OV7725.o [1]
cmt_period              0x1fff6d84     0x2  Data  Gb  cmt.o [1]
cmt_pwm_duty            0x00008565    0x46  Code  Gb  cmt.o [1]
cmt_pwm_init            0x000084a1    0xc4  Code  Gb  cmt.o [1]
codeGB_16               0x1fff0cd4   0x36c  Data  Gb  LCD.o [1]
common_startup          0x00008b3d    0xc0  Code  Gb  startup.o [1]
core_clk_khz            0x1fff6d60     0x4  Data  Gb  sysinit.o [1]
core_clk_mhz            0x1fff6d64     0x4  Data  Gb  sysinit.o [1]
cpu_identify            0x00008713   0x20a  Code  Gb  start.o [1]
default_isr             0x0000a59d     0x8  Code  Gb  vectors.o [1]
delayms                 0x000053a5    0x1e  Code  Gb  delay.o [1]
dial_switch_Init        0x00009825    0x74  Code  Gb  dial_switch.o [1]
dial_switch_Scan        0x00009899    0x82  Code  Gb  dial_switch.o [1]
diff_done_flag          0x1fff6d8c     0x1  Data  Gb  image_process.o [1]
disable_irq             0x00007507    0x5e  Code  Gb  arm_cm4.o [1]
double_AD               0x00000e31    0x24  Code  Gb  image_process.o [1]
enable_irq              0x00007473    0x94  Code  Gb  arm_cm4.o [1]
exit                    0x0000a247     0x4  Code  Gb  exit.o [3]
filter_1st              0x00005019    0x36  Code  Gb  filter.o [1]
flash_identify          0x0000891d    0xbe  Code  Gb  start.o [1]
get_black_line          0x0000077d   0x338  Code  Gb  image_process.o [1]
get_three_lie           0x00000ab5   0x2d0  Code  Gb  image_process.o [1]
getspeed2_init          0x000079dd    0x98  Code  Gb  getspeed.o [1]
gpio_init               0x00005299    0xb6  Code  Gb  gpio.o [1]
image_process           0x0000044d   0x2fa  Code  Gb  image_process.o [1]
img_flag                0x1fff108a     0x1  Data  Gb  OV7725.o [1]
main                    0x00008c59   0x1d8  Code  Gb  main.o [1]
mcg_div                 0x1fff1080     0x8  Data  Gb  mcg.o [1]
min_u8_index            0x00005095    0x32  Code  Gb  mymath.o [1]
myBEEP_Init             0x00007969    0x14  Code  Gb  beep.o [1]
myKEY_Init              0x000094a9    0x54  Code  Gb  mykey.o [1]
myLED_Init              0x00009925    0x1c  Code  Gb  LED.o [1]
out_char                0x0000a4f9    0x10  Code  Gb  io.o [1]
ov7725_get_img          0x00009689    0x18  Code  Gb  OV7725.o [1]
ov7727_reg              0x1fff108c    0x64  Data  Gb  OV7725.o [1]
pit_init                0x000097b5    0x62  Code  Gb  PIT.o [1]
pll_init                0x00008e39   0x2f4  Code  Gb  mcg.o [1]
port_init               0x00009961    0x4a  Code  Gb  port.o [1]
port_init_NoALT         0x0000534f    0x44  Code  Gb  gpio.o [1]
power_s16               0x000050c7    0x1c  Code  Gb  mymath.o [1]
printf                  0x00005b5f    0x26  Code  Gb  printf.o [1]
printk                  0x0000574d   0x412  Code  Gb  printf.o [1]
printk_mknumstr         0x00005657    0xaa  Code  Lc  printf.o [1]
printk_pad_space        0x00005727    0x26  Code  Lc  printf.o [1]
printk_pad_zero         0x00005701    0x26  Code  Lc  printf.o [1]
printk_putc             0x00005625    0x32  Code  Lc  printf.o [1]
road_filter_flag        0x1fff6d8d     0x1  Data  Gb  image_process.o [1]
set_sys_dividers        0x1fff110d    0x50  Code  Gb  mcg.o [1]
stand_AD                0x1fff1074     0x2  Data  Gb  main.o [1]
stand_AD_L              0x1fff1070     0x2  Data  Gb  main.o [1]
stand_AD_R              0x1fff1072     0x2  Data  Gb  main.o [1]
stand_d                 0x1fff21d0     0x4  Data  Gb  main.o [1]
stand_p                 0x1fff21cc     0x4  Data  Gb  main.o [1]
start                   0x000085e5   0x12e  Code  Gb  start.o [1]
strlen                  0x00005b89    0x20  Code  Gb  stdlib.o [1]
sum_point               0x000050e3    0x34  Code  Gb  mymath.o [1]
sysinit                 0x00008bfd    0x48  Code  Gb  sysinit.o [1]
uart_init               0x00007595   0x1f8  Code  Gb  uart.o [1]
uart_pendchar           0x0000778d    0x38  Code  Gb  uart.o [1]
uart_pendstr            0x000077c5    0x34  Code  Gb  uart.o [1]
uart_putchar            0x000077f9    0x1e  Code  Gb  uart.o [1]
wdog_disable            0x00008b05    0x16  Code  Gb  wdog.o [1]
wdog_unlock             0x00008b1d    0x16  Code  Gb  wdog.o [1]
write_command           0x00004035   0x1be  Code  Gb  LCD.o [1]
write_data              0x000041f3   0x1be  Code  Gb  LCD.o [1]
write_vtor              0x0000746d     0x6  Code  Gb  arm_cm4.o [1]
write_word              0x000043b1    0x16  Code  Gb  LCD.o [1]


[1] = D:\MK60-shengsai\6.28改\build\fire_demo\Debug\Obj
[2] = command line
[3] = dl7M_tln.a
[4] = m7M_tl.a
[5] = rt7M_tl.a
[6] = shb_l.a

  36 166 bytes of readonly  code memory
      80 bytes of readwrite code memory
   6 236 bytes of readonly  data memory
  26 938 bytes of readwrite data memory

Errors: none
Warnings: none
