###############################################################################
#
# IAR ELF Linker V7.30.1.7746/W32 for ARM                 29/Jun/2018  20:41:13
# Copyright 2007-2014 IAR Systems AB.
#
#    Output file  =  
#        D:\MK60-shengsai\6.28改\build\fire_demo\Debug\Exe\fire_gpio_demo.out
#    Map file     =  
#        D:\MK60-shengsai\6.28改\build\fire_demo\Debug\List\fire_gpio_demo.map
#    Command line =  
#        D:\MK60-shengsai\6.28改\build\fire_demo\Debug\Obj\adc.o
#        D:\MK60-shengsai\6.28改\build\fire_demo\Debug\Obj\alloc.o
#        D:\MK60-shengsai\6.28改\build\fire_demo\Debug\Obj\arm_cm4.o
#        D:\MK60-shengsai\6.28改\build\fire_demo\Debug\Obj\assert.o
#        D:\MK60-shengsai\6.28改\build\fire_demo\Debug\Obj\beep.o
#        D:\MK60-shengsai\6.28改\build\fire_demo\Debug\Obj\Car_init.o
#        D:\MK60-shengsai\6.28改\build\fire_demo\Debug\Obj\cmt.o
#        D:\MK60-shengsai\6.28改\build\fire_demo\Debug\Obj\crt0.o
#        D:\MK60-shengsai\6.28改\build\fire_demo\Debug\Obj\define.o
#        D:\MK60-shengsai\6.28改\build\fire_demo\Debug\Obj\delay.o
#        D:\MK60-shengsai\6.28改\build\fire_demo\Debug\Obj\dial_switch.o
#        D:\MK60-shengsai\6.28改\build\fire_demo\Debug\Obj\dma.o
#        D:\MK60-shengsai\6.28改\build\fire_demo\Debug\Obj\exti.o
#        D:\MK60-shengsai\6.28改\build\fire_demo\Debug\Obj\filter.o
#        D:\MK60-shengsai\6.28改\build\fire_demo\Debug\Obj\FTM.o
#        D:\MK60-shengsai\6.28改\build\fire_demo\Debug\Obj\getspeed.o
#        D:\MK60-shengsai\6.28改\build\fire_demo\Debug\Obj\gpio.o
#        D:\MK60-shengsai\6.28改\build\fire_demo\Debug\Obj\i2c.o
#        D:\MK60-shengsai\6.28改\src\LIB\CMSIS\iar_cortexM4l_math.a
#        D:\MK60-shengsai\6.28改\build\fire_demo\Debug\Obj\image_process.o
#        D:\MK60-shengsai\6.28改\build\fire_demo\Debug\Obj\io.o
#        D:\MK60-shengsai\6.28改\build\fire_demo\Debug\Obj\isr.o
#        D:\MK60-shengsai\6.28改\build\fire_demo\Debug\Obj\ISR_FUN.o
#        D:\MK60-shengsai\6.28改\build\fire_demo\Debug\Obj\LCD.o
#        D:\MK60-shengsai\6.28改\build\fire_demo\Debug\Obj\LED.o
#        D:\MK60-shengsai\6.28改\build\fire_demo\Debug\Obj\lptmr.o
#        D:\MK60-shengsai\6.28改\build\fire_demo\Debug\Obj\main.o
#        D:\MK60-shengsai\6.28改\build\fire_demo\Debug\Obj\mcg.o
#        D:\MK60-shengsai\6.28改\build\fire_demo\Debug\Obj\memtest.o
#        D:\MK60-shengsai\6.28改\build\fire_demo\Debug\Obj\MK60_spi.o
#        D:\MK60-shengsai\6.28改\build\fire_demo\Debug\Obj\mykey.o
#        D:\MK60-shengsai\6.28改\build\fire_demo\Debug\Obj\mymath.o
#        D:\MK60-shengsai\6.28改\build\fire_demo\Debug\Obj\myPWM.o
#        D:\MK60-shengsai\6.28改\build\fire_demo\Debug\Obj\OV7725.o
#        D:\MK60-shengsai\6.28改\build\fire_demo\Debug\Obj\pid.o
#        D:\MK60-shengsai\6.28改\build\fire_demo\Debug\Obj\PIT.o
#        D:\MK60-shengsai\6.28改\build\fire_demo\Debug\Obj\port.o
#        D:\MK60-shengsai\6.28改\build\fire_demo\Debug\Obj\printf.o
#        D:\MK60-shengsai\6.28改\build\fire_demo\Debug\Obj\queue.o
#        D:\MK60-shengsai\6.28改\build\fire_demo\Debug\Obj\SCCB.o
#        D:\MK60-shengsai\6.28改\build\fire_demo\Debug\Obj\sdhc.o
#        D:\MK60-shengsai\6.28改\build\fire_demo\Debug\Obj\start.o
#        D:\MK60-shengsai\6.28改\build\fire_demo\Debug\Obj\startup.o
#        D:\MK60-shengsai\6.28改\build\fire_demo\Debug\Obj\stdlib.o
#        D:\MK60-shengsai\6.28改\build\fire_demo\Debug\Obj\sysinit.o
#        D:\MK60-shengsai\6.28改\build\fire_demo\Debug\Obj\uart.o
#        D:\MK60-shengsai\6.28改\build\fire_demo\Debug\Obj\uif.o
#        D:\MK60-shengsai\6.28改\build\fire_demo\Debug\Obj\vectors.o
#        D:\MK60-shengsai\6.28改\build\fire_demo\Debug\Obj\wdog.o -o
#        D:\MK60-shengsai\6.28改\build\fire_demo\Debug\Exe\fire_gpio_demo.out
#        --map
#        D:\MK60-shengsai\6.28改\build\fire_demo\Debug\List\fire_gpio_demo.map
#        --config "D:\MK60-shengsai\6.28改\build\fire_demo\..\config
#        files\fire_ROM_K60N512.icf" --semihosting --entry __iar_program_start
#        "C:\Program Files (x86)\IAR Systems\Embedded Workbench
#        7.0\arm\CMSIS\Lib\IAR\iar_cortexM4l_math.a" --vfe
#
###############################################################################

*******************************************************************************
*** RUNTIME MODEL ATTRIBUTES
***

CppFlavor       = *
__SystemLibrary = DLib


*******************************************************************************
*** PLACEMENT SUMMARY
***

"A1":  place at 0x00000000 { ro section .intvec };
"A2":  place at 0x00000410 { ro section .noinit };
"P1":  place in [from 0x00000000 to 0x00040000] { ro, block CodeRelocate };
"P2":  place in [from 0x1fff0410 to 0x20010000] {
          rw, block CodeRelocateRam, block CSTACK, block HEAP };

  Section              Kind        Address    Size  Object
  -------              ----        -------    ----  ------
"A1":                                        0x410
  .intvec              const    0x00000000   0x410  vectors.o [1]
                              - 0x00000410   0x410

"P1", part 1 of 2:                             0x0
  .rodata              const    0x00000410     0x0  zero_init3.o [5]

"A2":                                         0x3c
  .noinit              ro code  0x00000410    0x3c  crt0.o [1]
                              - 0x0000044c    0x3c

"P1", part 2 of 2:                          0x83ac
  .text                ro code  0x0000044c  0x1c2c  image_process.o [1]
  .text                ro code  0x00002078   0xcb2  LCD.o [1]
  .text                ro code  0x00002d2a    0x22  zero_init3.o [5]
  .text                ro code  0x00002d4c    0x2c  I32ToDbl.o [4]
  .text                ro code  0x00002d78   0x246  DblDiv.o [4]
  .text                ro code  0x00002fc0    0x4c  DblToI32.o [4]
  .text                ro code  0x0000300c   0x1a2  DblMul.o [4]
  .text                ro code  0x000031b0    0xe8  DblAdd.o [4]
  .text                ro code  0x00003298    0x32  I32ToFlt.o [4]
  .text                ro code  0x000032cc    0x36  filter.o [1]
  .text                ro code  0x00003304    0x44  FltToS32.o [4]
  .text                ro code  0x00003348    0x82  mymath.o [1]
  .text                ro code  0x000033cc   0x180  DblSub.o [4]
  .text                ro code  0x0000354c   0x10c  gpio.o [1]
  .text                ro code  0x00003658    0x24  delay.o [1]
  .text                ro code  0x0000367c    0xd8  FltMul.o [4]
  .text                ro code  0x00003754    0xe6  FltSub.o [4]
  .text                ro code  0x0000383c    0x84  FltAdd.o [4]
  .text                ro code  0x000038c0    0x18  assert.o [1]
  .text                ro code  0x000038d8   0x564  printf.o [1]
  .text                ro code  0x00003e3c    0x20  stdlib.o [1]
  .data_init                    0x00003e5c   0xce4  <Block>
    Initializer bytes  ro data  0x00003e5c   0xce4  <for .data-1>
  .text                ro code  0x00004b40   0x818  isr.o [1]
  .text                ro code  0x00005358   0x344  dma.o [1]
  .text                ro code  0x0000569c   0x128  arm_cm4.o [1]
  .text                ro code  0x000057c4   0x3d4  uart.o [1]
  .text                ro code  0x00005b98    0x74  beep.o [1]
  .text                ro code  0x00005c0c   0x10c  getspeed.o [1]
  .text                ro code  0x00005d18    0xd8  ISR_FUN.o [1]
  .text                ro code  0x00005df0   0x386  adc.o [1]
  .text                ro code  0x00006176   0x130  pid.o [1]
  .text                ro code  0x000062a8    0x24  FltCmpGe.o [4]
  .text                ro code  0x000062cc    0x24  FltCmpLe.o [4]
  .text                ro code  0x000062f0   0x3d8  FTM.o [1]
  .text                ro code  0x000066c8   0x144  cmt.o [1]
  .text                ro code  0x0000680c   0x520  start.o [1]
  .text                ro code  0x00006d2c    0x38  wdog.o [1]
  .text                ro code  0x00006d64    0xc0  startup.o [1]
  .text                ro code  0x00006e24    0x5c  sysinit.o [1]
  .text                ro code  0x00006e80   0x24c  main.o [1]
  Veneer               ro code  0x000070cc     0x8  - Linker created -
  .text                ro code  0x000070d4   0x2f4  mcg.o [1]
  .text                ro code  0x000073c8   0x374  Car_init.o [1]
  .text                ro code  0x0000773c    0xe8  mykey.o [1]
  .text                ro code  0x00007824   0x1e4  OV7725.o [1]
  .text                ro code  0x00007a08    0x70  PIT.o [1]
  .text                ro code  0x00007a78   0x100  dial_switch.o [1]
  .text                ro code  0x00007b78    0x1c  LED.o [1]
  .text                ro code  0x00007b94    0x20  myPWM.o [1]
  .text                ro code  0x00007bb4    0x58  port.o [1]
  .text                ro code  0x00007c0c   0x40a  SCCB.o [1]
  CodeRelocate                  0x00008018    0x50  <Block>
    Initializer bytes  ro data  0x00008018    0x50  <for CodeRelocateRam-1>
  .rodata              const    0x00008068    0x4c  assert.o [1]
  .rodata              const    0x000080b4    0x48  start.o [1]
  .rodata              const    0x000080fc    0x40  start.o [1]
  .rodata              const    0x0000813c    0x3c  arm_cm4.o [1]
  .rodata              const    0x00008178    0x38  arm_cm4.o [1]
  .rodata              const    0x000081b0    0x30  adc.o [1]
  .rodata              const    0x000081e0    0x30  dma.o [1]
  .rodata              const    0x00008210    0x30  FTM.o [1]
  .rodata              const    0x00008240    0x30  gpio.o [1]
  .rodata              const    0x00008270    0x2c  start.o [1]
  .rodata              const    0x0000829c    0x28  start.o [1]
  .rodata              const    0x000082c4    0x28  start.o [1]
  .text                ro code  0x000082ec    0x28  data_init.o [5]
  .rodata              const    0x00008314    0x24  OV7725.o [1]
  .iar.init_table      const    0x00008338    0x10  - Linker created -
  .rodata              const    0x00008348    0x20  OV7725.o [1]
  .rodata              const    0x00008368    0x20  OV7725.o [1]
  .rodata              const    0x00008388    0x20  start.o [1]
  .rodata              const    0x000083a8    0x20  start.o [1]
  .rodata              const    0x000083c8    0x20  start.o [1]
  .rodata              const    0x000083e8    0x20  start.o [1]
  .rodata              const    0x00008408    0x20  start.o [1]
  .rodata              const    0x00008428    0x1c  start.o [1]
  .rodata              const    0x00008444    0x1c  start.o [1]
  .rodata              const    0x00008460    0x1c  start.o [1]
  .text                ro code  0x0000847c    0x1a  cmain.o [5]
  .text                ro code  0x00008496     0x4  low_level_init.o [3]
  .text                ro code  0x0000849a     0x4  exit.o [3]
  .text                ro code  0x000084a0     0xa  cexit.o [5]
  .text                ro code  0x000084ac    0x14  exit.o [6]
  .rodata              const    0x000084c0    0x18  OV7725.o [1]
  .rodata              const    0x000084d8    0x18  start.o [1]
  .rodata              const    0x000084f0    0x18  start.o [1]
  .rodata              const    0x00008508    0x18  start.o [1]
  .rodata              const    0x00008520    0x18  start.o [1]
  .rodata              const    0x00008538    0x18  start.o [1]
  .rodata              const    0x00008550    0x18  start.o [1]
  .rodata              const    0x00008568    0x18  start.o [1]
  .rodata              const    0x00008580    0x18  start.o [1]
  .rodata              const    0x00008598    0x14  OV7725.o [1]
  .rodata              const    0x000085ac    0x14  start.o [1]
  .rodata              const    0x000085c0    0x14  start.o [1]
  .rodata              const    0x000085d4    0x14  start.o [1]
  .rodata              const    0x000085e8    0x14  start.o [1]
  .rodata              const    0x000085fc    0x14  start.o [1]
  .rodata              const    0x00008610    0x14  start.o [1]
  .rodata              const    0x00008624    0x14  start.o [1]
  .rodata              const    0x00008638    0x14  start.o [1]
  .rodata              const    0x0000864c    0x10  isr.o [1]
  .rodata              const    0x0000865c    0x10  isr.o [1]
  .rodata              const    0x0000866c    0x10  OV7725.o [1]
  .rodata              const    0x0000867c    0x10  start.o [1]
  .rodata              const    0x0000868c    0x10  start.o [1]
  .rodata              const    0x0000869c    0x10  start.o [1]
  .rodata              const    0x000086ac    0x10  start.o [1]
  .rodata              const    0x000086bc    0x10  start.o [1]
  .rodata              const    0x000086cc    0x10  start.o [1]
  .rodata              const    0x000086dc    0x10  start.o [1]
  .rodata              const    0x000086ec    0x10  start.o [1]
  .rodata              const    0x000086fc    0x10  start.o [1]
  .rodata              const    0x0000870c    0x10  start.o [1]
  .rodata              const    0x0000871c    0x10  start.o [1]
  .rodata              const    0x0000872c    0x10  start.o [1]
  .rodata              const    0x0000873c    0x10  start.o [1]
  .text                ro code  0x0000874c    0x10  io.o [1]
  .rodata              const    0x0000875c     0xc  start.o [1]
  .rodata              const    0x00008768     0xc  start.o [1]
  .rodata              const    0x00008774     0xc  start.o [1]
  .rodata              const    0x00008780     0xc  start.o [1]
  .text                ro code  0x0000878c     0xc  cstartup_M.o [5]
  .rodata              const    0x00008798     0x8  image_process.o [1]
  .rodata              const    0x000087a0     0x8  image_process.o [1]
  .rodata              const    0x000087a8     0x8  isr.o [1]
  .rodata              const    0x000087b0     0x8  start.o [1]
  .rodata              const    0x000087b8     0x8  start.o [1]
  .rodata              const    0x000087c0     0x8  start.o [1]
  .rodata              const    0x000087c8     0x8  start.o [1]
  .rodata              const    0x000087d0     0x8  start.o [1]
  .rodata              const    0x000087d8     0x8  start.o [1]
  .rodata              const    0x000087e0     0x8  start.o [1]
  .rodata              const    0x000087e8     0x8  start.o [1]
  .text                ro code  0x000087f0     0x8  vectors.o [1]
                              - 0x000087f8  0x83ac

"P2":                                       0x695c
  .data                         0x1fff0410   0xce4  <Block>
    .data-1                     0x1fff0410   0xce4  <Init block>
      .data            inited   0x1fff0410     0x8  adc.o [1]
      .data            inited   0x1fff0418     0x4  beep.o [1]
      .data            inited   0x1fff041c     0xc  FTM.o [1]
      .data            inited   0x1fff0428    0x14  gpio.o [1]
      .data            inited   0x1fff043c    0x14  gpio.o [1]
      .data            inited   0x1fff0450    0x14  image_process.o [1]
      .data            inited   0x1fff0464     0x8  image_process.o [1]
      .data            inited   0x1fff046c    0x48  image_process.o [1]
      .data            inited   0x1fff04b4     0xc  image_process.o [1]
      .data            inited   0x1fff04c0     0x1  isr.o [1]
      .data            inited   0x1fff04c4   0x800  LCD.o [1]
      .data            inited   0x1fff0cc4   0x36c  LCD.o [1]
      .data            inited   0x1fff1030     0x4  main.o [1]
      .data            inited   0x1fff1034     0x4  main.o [1]
      .data            inited   0x1fff1038     0x1  main.o [1]
      .data            inited   0x1fff1039     0x1  main.o [1]
      .data            inited   0x1fff103a     0x1  main.o [1]
      .data            inited   0x1fff103b     0x1  main.o [1]
      .data            inited   0x1fff103c     0x4  main.o [1]
      .data            inited   0x1fff1040     0x4  main.o [1]
      .data            inited   0x1fff1044     0x4  main.o [1]
      .data            inited   0x1fff1048     0x4  main.o [1]
      .data            inited   0x1fff104c     0x1  main.o [1]
      .data            inited   0x1fff1050     0x4  main.o [1]
      .data            inited   0x1fff1054     0x4  main.o [1]
      .data            inited   0x1fff1058     0x1  main.o [1]
      .data            inited   0x1fff105c     0x4  main.o [1]
      .data            inited   0x1fff1060     0x2  main.o [1]
      .data            inited   0x1fff1062     0x2  main.o [1]
      .data            inited   0x1fff1064     0x2  main.o [1]
      .data            inited   0x1fff1068     0x8  mcg.o [1]
      .data            inited   0x1fff1070     0x1  mykey.o [1]
      .data            inited   0x1fff1071     0x1  OV7725.o [1]
      .data            inited   0x1fff1072     0x1  OV7725.o [1]
      .data            inited   0x1fff1074    0x64  OV7725.o [1]
      .data            inited   0x1fff10d8     0x1  OV7725.o [1]
      .data            inited   0x1fff10dc    0x18  uart.o [1]
  CodeRelocateRam               0x1fff10f4    0x50  <Block>
    CodeRelocateRam-1           0x1fff10f4    0x50  <Init block>
      .textrw          inited   0x1fff10f4    0x50  mcg.o [1]
  .bss                          0x1fff1144  0x5c28  <Block>
    .bss               zero     0x1fff1144    0x10  adc.o [1]
    .bss               zero     0x1fff1154   0x140  image_process.o [1]
    .bss               zero     0x1fff1294   0xe14  image_process.o [1]
    .bss               zero     0x1fff20a8    0x14  image_process.o [1]
    .bss               zero     0x1fff20bc     0x4  isr.o [1]
    .bss               zero     0x1fff20c0     0x8  isr.o [1]
    .bss               zero     0x1fff20c8     0x4  isr.o [1]
    .bss               zero     0x1fff20cc     0x4  isr.o [1]
    .bss               zero     0x1fff20d0     0x4  isr.o [1]
    .bss               zero     0x1fff20d4     0x4  main.o [1]
    .bss               zero     0x1fff20d8     0x4  main.o [1]
    .bss               zero     0x1fff20dc     0x4  main.o [1]
    .bss               zero     0x1fff20e0     0x4  main.o [1]
    .bss               zero     0x1fff20e4     0x4  main.o [1]
    .bss               zero     0x1fff20e8     0x4  main.o [1]
    .bss               zero     0x1fff20ec    0x38  main.o [1]
    .bss               zero     0x1fff2124    0x38  main.o [1]
    .bss               zero     0x1fff215c    0x38  main.o [1]
    .bss               zero     0x1fff2194     0x4  main.o [1]
    .bss               zero     0x1fff2198     0x4  main.o [1]
    .bss               zero     0x1fff219c     0x4  main.o [1]
    .bss               zero     0x1fff21a0     0x4  main.o [1]
    .bss               zero     0x1fff21a4    0x38  main.o [1]
    .bss               zero     0x1fff21dc  0x25a8  OV7725.o [1]
    .bss               zero     0x1fff4784  0x25a8  OV7725.o [1]
    .bss               zero     0x1fff6d2c     0x4  OV7725.o [1]
    .bss               zero     0x1fff6d30     0x4  sysinit.o [1]
    .bss               zero     0x1fff6d34     0x4  sysinit.o [1]
    .bss               zero     0x1fff6d38     0x4  sysinit.o [1]
    .bss               zero     0x1fff6d3c    0x18  uart.o [1]
    .bss               zero     0x1fff6d54     0x2  cmt.o [1]
    .bss               zero     0x1fff6d56     0x2  LCD.o [1]
    .bss               zero     0x1fff6d58     0x2  LCD.o [1]
    .bss               zero     0x1fff6d5a     0x2  main.o [1]
    .bss               zero     0x1fff6d5c     0x1  image_process.o [1]
    .bss               zero     0x1fff6d5d     0x1  image_process.o [1]
    .bss               zero     0x1fff6d5e     0x1  image_process.o [1]
    .bss               zero     0x1fff6d5f     0x1  image_process.o [1]
    .bss               zero     0x1fff6d60     0x1  isr.o [1]
    .bss               zero     0x1fff6d61     0x1  isr.o [1]
    .bss               zero     0x1fff6d62     0x1  isr.o [1]
    .bss               zero     0x1fff6d63     0x1  main.o [1]
    .bss               zero     0x1fff6d64     0x1  main.o [1]
    .bss               zero     0x1fff6d65     0x1  main.o [1]
    .bss               zero     0x1fff6d66     0x1  main.o [1]
    .bss               zero     0x1fff6d67     0x1  main.o [1]
    .bss               zero     0x1fff6d68     0x1  main.o [1]
                              - 0x1fff6d6c  0x695c


*******************************************************************************
*** INIT TABLE
***

          Address     Size
          -------     ----
Zero (__iar_zero_init3)
    1 destination range, total size 0x5c25:
          0x1fff1144  0x5c25



*******************************************************************************
*** MODULE SUMMARY
***

    Module            ro code  rw code  ro data  rw data
    ------            -------  -------  -------  -------
D:\MK60-shengsai\6.28改\build\fire_demo\Debug\Obj: [1]
    Car_init.o            884
    FTM.o                 984                60       12
    ISR_FUN.o             216
    LCD.o               3 250             2 927    2 928
    LED.o                  28
    OV7725.o              484               264   19 387
    PIT.o                 112
    SCCB.o              1 034
    adc.o                 902                56       24
    arm_cm4.o             296               116
    assert.o               24                76
    beep.o                116                 4        4
    cmt.o                 324                          2
    crt0.o                 60
    delay.o                36
    dial_switch.o         256
    dma.o                 836                48
    filter.o               54
    getspeed.o            268
    gpio.o                268                88       40
    image_process.o     7 212               128    4 060
    io.o                   16
    isr.o               2 072                41       28
    main.o                588                54      320
    mcg.o                 756       80       90        8
    myPWM.o                32
    mykey.o               232                 1        1
    mymath.o              130
    pid.o                 304
    port.o                 88
    printf.o            1 380
    start.o             1 312             1 176
    startup.o             192
    stdlib.o               32
    sysinit.o              92                         12
    uart.o                980                27       48
    vectors.o               8             1 040
    wdog.o                 56
    ----------------------------------------------------
    Total:             25 914       80    6 196   26 874

command line: [2]
    ----------------------------------------------------
    Total:

dl7M_tln.a: [3]
    exit.o                  4
    low_level_init.o        4
    ----------------------------------------------------
    Total:                  8

m7M_tl.a: [4]
    DblAdd.o              232
    DblDiv.o              582
    DblMul.o              418
    DblSub.o              384
    DblToI32.o             76
    FltAdd.o              132
    FltCmpGe.o             36
    FltCmpLe.o             36
    FltMul.o              216
    FltSub.o              230
    FltToS32.o             68
    I32ToDbl.o             44
    I32ToFlt.o             50
    ----------------------------------------------------
    Total:              2 504

rt7M_tl.a: [5]
    cexit.o                10
    cmain.o                26
    cstartup_M.o           12
    data_init.o            40
    zero_init3.o           34
    ----------------------------------------------------
    Total:                122

shb_l.a: [6]
    exit.o                 20
    ----------------------------------------------------
    Total:                 20

    Gaps                   18                         15
    Linker created          8                16
--------------------------------------------------------
    Grand Total:       28 594       80    6 212   26 889


*******************************************************************************
*** ENTRY LIST
***

Entry                      Address    Size  Type      Object
-----                      -------    ----  ----      ------
.bss$$Base              0x1fff1144           --   Gb  - Linker created -
.bss$$Limit             0x1fff6d6c           --   Gb  - Linker created -
.data$$Base             0x1fff0410           --   Gb  - Linker created -
.data$$Limit            0x1fff10f4           --   Gb  - Linker created -
.data_init$$Base        0x00003e5c           --   Gb  - Linker created -
.data_init$$Limit       0x00004b40           --   Gb  - Linker created -
?main                   0x0000847d          Code  Gb  cmain.o [5]
ADCx                    0x1fff0410     0x8  Data  Gb  adc.o [1]
ASSERT_FAILED_STR       0x00008068    0x4c  Data  Gb  assert.o [1]
Acc_K                   0x1fff105c     0x4  Data  Gb  main.o [1]
Acc_Limit               0x1fff1058     0x1  Data  Gb  main.o [1]
BEEP_Open_once          0x00005bad    0x22  Code  Gb  beep.o [1]
Back_Color              0x1fff6d58     0x2  Data  Gb  LCD.o [1]
Beep_ISR                0x00005be5    0x24  Code  Gb  beep.o [1]
Beep_Once               0x00005bcf    0x16  Code  Gb  beep.o [1]
Blue_Start_Flag         0x1fff103b     0x1  Data  Gb  main.o [1]
Brush_Color             0x1fff6d56     0x2  Data  Gb  LCD.o [1]
Center_Filter           0x1fff0450    0x14  Data  Gb  image_process.o [1]
CenterlineToDiff        0x00000d53    0x58  Code  Gb  image_process.o [1]
CodeRelocate$$Base      0x00008018           --   Gb  - Linker created -
CodeRelocate$$Limit     0x00008068           --   Gb  - Linker created -
CodeRelocateRam$$Base   0x1fff10f4           --   Gb  - Linker created -
CodeRelocateRam$$Limit  0x1fff1144           --   Gb  - Linker created -
Cross                   0x1fff04b4     0xc  Data  Gb  image_process.o [1]
Cross_center_test       0x0000197d   0x322  Code  Gb  image_process.o [1]
Cross_curve_test        0x000013bd   0x5ba  Code  Gb  image_process.o [1]
Cross_pre_test          0x00001cc5   0x30c  Code  Gb  image_process.o [1]
Cross_process           0x00000f45    0x26  Code  Gb  image_process.o [1]
DIFF_DOWN               0x1fff1054     0x4  Data  Gb  main.o [1]
DIFF_PID_CHANGE_FLAG    0x1fff6d68     0x1  Data  Gb  main.o [1]
DIFF_UP                 0x1fff1050     0x4  Data  Gb  main.o [1]
DMA0_IRQHandler         0x00004c15    0x5c  Code  Gb  isr.o [1]
DMA_PORTx2BUFF_Init     0x00005359   0x30a  Code  Gb  dma.o [1]
Diff_PID                0x1fff215c    0x38  Data  Gb  main.o [1]
Diff_PID_Process        0x00006205    0x50  Code  Gb  pid.o [1]
Diff_error              0x1fff2194     0x4  Data  Gb  main.o [1]
Disp_single_colour      0x00002871    0x34  Code  Gb  LCD.o [1]
Duty_Motor1             0x1fff20e4     0x4  Data  Gb  main.o [1]
Duty_Motor2             0x1fff20e8     0x4  Data  Gb  main.o [1]
FTM0_IRQHandler         0x00005353     0x2  Code  Gb  isr.o [1]
FTM1_IRQHandler         0x00005355     0x2  Code  Gb  isr.o [1]
FTM2_IRQHandler         0x00005357     0x2  Code  Gb  isr.o [1]
FTM_PWM_Duty            0x0000660b    0x76  Code  Gb  FTM.o [1]
FTM_PWM_init            0x000062f1   0x31a  Code  Gb  FTM.o [1]
FTMx                    0x1fff041c     0xc  Data  Gb  FTM.o [1]
Font8x16                0x1fff04c4   0x800  Data  Gb  LCD.o [1]
GPIOx                   0x1fff0428    0x14  Data  Gb  gpio.o [1]
Get_speed2              0x00005ca5    0x4a  Code  Gb  getspeed.o [1]
HardFault_Handler       0x00004c73     0x2  Code  Gb  isr.o [1]
I_TEMP2                 0x1fff1040     0x4  Data  Gb  main.o [1]
ImageData               0x1fff1154   0x140  Data  Gb  image_process.o [1]
Image_Flag              0x1fff104c     0x1  Data  Gb  main.o [1]
Image_Island_Test_Beep  0x1fff0418     0x4  Data  Gb  beep.o [1]
Image_fire              0x1fff6d2c     0x4  Data  Gb  OV7725.o [1]
Image_fire_Memory1      0x1fff21dc  0x25a8  Data  Gb  OV7725.o [1]
Image_fire_Memory2      0x1fff4784  0x25a8  Data  Gb  OV7725.o [1]
Image_hang              0x1fff1294   0xe14  Data  Gb  image_process.o [1]
Image_lie               0x1fff0464     0x8  Data  Gb  image_process.o [1]
In_Cross                0x00000fa5   0x40a  Code  Gb  image_process.o [1]
In_Cross_test           0x00000f6b    0x34  Code  Gb  image_process.o [1]
Island                  0x1fff046c    0x48  Data  Gb  image_process.o [1]
KEY_Scan                0x0000777d    0x98  Code  Gb  mykey.o [1]
Key_Start_Flag          0x1fff6d67     0x1  Data  Gb  main.o [1]
Key_status              0x1fff6d64     0x1  Data  Gb  main.o [1]
LCD_DISPLAY_FLAG        0x1fff1039     0x1  Data  Gb  main.o [1]
LCD_DrawBigPoint        0x00002cf7    0x34  Code  Gb  LCD.o [1]
LCD_DrawPoint           0x00002cd3    0x24  Code  Gb  LCD.o [1]
LCD_Draw_Line           0x00002c15    0xbe  Code  Gb  LCD.o [1]
LCD_PORT_init           0x00002079    0x34  Code  Gb  LCD.o [1]
LCD_PutChar             0x000026d9    0x28  Code  Gb  LCD.o [1]
LCD_PutChar8x16         0x00002761    0x6c  Code  Gb  LCD.o [1]
LCD_PutString           0x00002701    0x60  Code  Gb  LCD.o [1]
LCD_Put_Int             0x000028a9   0x306  Code  Gb  LCD.o [1]
LCD_SetPos              0x0000267b    0x5e  Code  Gb  LCD.o [1]
LCD_init                0x000020ad   0x23c  Code  Gb  LCD.o [1]
L_AD_Ave                0x1fff20d4     0x4  Data  Gb  main.o [1]
MY_adc_init             0x00006133    0x44  Code  Gb  adc.o [1]
Master_Adc_Config       0x1fff1144    0x10  Data  Gb  adc.o [1]
Memory_use_Flag         0x1fff1071     0x1  Data  Gb  OV7725.o [1]
Motor1                  0x1fff20dc     0x4  Data  Gb  main.o [1]
Motor1_PID              0x1fff20ec    0x38  Data  Gb  main.o [1]
Motor2                  0x1fff20e0     0x4  Data  Gb  main.o [1]
Motor2_PID              0x1fff2124    0x38  Data  Gb  main.o [1]
Motor_enable_Flag       0x1fff103a     0x1  Data  Gb  main.o [1]
Motot2_Init             0x00007b95    0x20  Code  Gb  myPWM.o [1]
Ov7725_Init             0x000078f5    0x12  Code  Gb  OV7725.o [1]
Ov7725_exti_Init        0x00007825    0xb8  Code  Gb  OV7725.o [1]
Ov7725_reg_Init         0x00007907    0xbe  Code  Gb  OV7725.o [1]
PID_Init                0x00006255    0x52  Code  Gb  pid.o [1]
PID_process             0x00006177    0x8e  Code  Gb  pid.o [1]
PIT0_IRQHandler         0x00004fc9   0x212  Code  Gb  isr.o [1]
PIT2_IRQHandler         0x000051e9     0xe  Code  Gb  isr.o [1]
PIT3_IRQHandler         0x000051db     0xe  Code  Gb  isr.o [1]
PORTA_IRQHandler        0x000051f9    0x48  Code  Gb  isr.o [1]
PORTB_IRQHandler        0x00005241    0x26  Code  Gb  isr.o [1]
PORTC_IRQHandler        0x000051f7     0x2  Code  Gb  isr.o [1]
PORTE_IRQHandler        0x00005351     0x2  Code  Gb  isr.o [1]
PORTX                   0x1fff043c    0x14  Data  Gb  gpio.o [1]
P_TEMP2                 0x1fff103c     0x4  Data  Gb  main.o [1]
Parameters_init_CAR     0x00007481   0x230  Code  Gb  Car_init.o [1]
PendSV_Handler          0x00004c71     0x2  Code  Gb  isr.o [1]
PutGB1616               0x000027cd    0xa4  Code  Gb  LCD.o [1]
R_AD_Ave                0x1fff20d8     0x4  Data  Gb  main.o [1]
Reduct_Flag             0x1fff6d66     0x1  Data  Gb  main.o [1]
Region$$Table$$Base     0x00008338           --   Gb  - Linker created -
Region$$Table$$Limit    0x00008348           --   Gb  - Linker created -
Reset_Handler           0x00000411          Code  Gb  crt0.o [1]
SCCB_Ack                0x00007d2d    0x4c  Code  Lc  SCCB.o [1]
SCCB_GPIO_init          0x00007c27    0x1c  Code  Gb  SCCB.o [1]
SCCB_NoAck              0x00007d79    0x4c  Code  Lc  SCCB.o [1]
SCCB_ReadByte           0x00007f91    0x86  Code  Gb  SCCB.o [1]
SCCB_ReceiveByte        0x00007eb7    0x84  Code  Lc  SCCB.o [1]
SCCB_SendByte           0x00007e4d    0x6a  Code  Lc  SCCB.o [1]
SCCB_Start              0x00007c43    0xaa  Code  Lc  SCCB.o [1]
SCCB_Stop               0x00007ced    0x40  Code  Lc  SCCB.o [1]
SCCB_WaitAck            0x00007dc5    0x88  Code  Lc  SCCB.o [1]
SCCB_WriteByte          0x00007f49    0x48  Code  Gb  SCCB.o [1]
SCCB_delay              0x00007c0d    0x1a  Code  Lc  SCCB.o [1]
SCI_Send_Datas          0x00005a47    0xf8  Code  Gb  uart.o [1]
Send_Image_to_LCD       0x00002bb9    0x58  Code  Gb  LCD.o [1]
Servo_Diff_PID          0x00005d95    0x2a  Code  Gb  ISR_FUN.o [1]
Servo_PID               0x1fff21a4    0x38  Data  Gb  main.o [1]
Slow_Flag               0x1fff6d65     0x1  Data  Gb  main.o [1]
Speed_goal1             0x1fff1030     0x4  Data  Gb  main.o [1]
Speed_goal1_TEMP        0x1fff1044     0x4  Data  Gb  main.o [1]
Speed_goal2             0x1fff1034     0x4  Data  Gb  main.o [1]
Speed_goal2_TEMP        0x1fff1048     0x4  Data  Gb  main.o [1]
Speed_output            0x00005d19    0x7c  Code  Gb  ISR_FUN.o [1]
Speed_stand             0x1fff6d5a     0x2  Data  Gb  main.o [1]
Str_Cross               0x00001fd1    0x96  Code  Gb  image_process.o [1]
Str_Cross_Test          0x00000dab    0x54  Code  Gb  image_process.o [1]
Switch_Status           0x1fff6d63     0x1  Data  Gb  main.o [1]
SysTick_Handler         0x00004c75     0x2  Code  Gb  isr.o [1]
System_Init             0x000073c9    0xb8  Code  Gb  Car_init.o [1]
Test_Far_Lie            0x00000e49    0xf8  Code  Gb  image_process.o [1]
TimeCnt_Start_Reduct_Flag
                        0x1fff04c0     0x1  Data  Gb  isr.o [1]
Time_1ms                0x1fff2198     0x4  Data  Gb  main.o [1]
UARTx                   0x1fff10dc    0x18  Data  Gb  uart.o [1]
USART1_IRQHandler       0x00004c77     0x2  Code  Gb  isr.o [1]
USART2_IRQHandler       0x00004c79     0x2  Code  Gb  isr.o [1]
USART3_IRQHandler       0x00004c7b     0x2  Code  Gb  isr.o [1]
USART5_IRQHandler       0x00004c7d   0x346  Code  Gb  isr.o [1]
VSYNC_IRQ               0x00004b41    0xd4  Code  Gb  isr.o [1]
__BOOT_STACK_ADDRESS {Abs}
                        0x2000fff8           --   Gb  command line/config [2]
__VECTOR_RAM {Abs}      0x1fff0000           --   Gb  command line/config [2]
__VECTOR_TABLE {Abs}    0x00000000           --   Gb  command line/config [2]
__aeabi_cfcmple         0x000062cd          Code  Gb  FltCmpLe.o [4]
__aeabi_cfrcmple        0x000062a9          Code  Gb  FltCmpGe.o [4]
__aeabi_d2iz            0x00002fc1          Code  Gb  DblToI32.o [4]
__aeabi_dadd            0x000031b1          Code  Gb  DblAdd.o [4]
__aeabi_ddiv            0x00002d79          Code  Gb  DblDiv.o [4]
__aeabi_dmul            0x0000300d          Code  Gb  DblMul.o [4]
__aeabi_dsub            0x000033cd          Code  Gb  DblSub.o [4]
__aeabi_f2iz            0x00003305          Code  Gb  FltToS32.o [4]
__aeabi_fadd            0x0000383d          Code  Gb  FltAdd.o [4]
__aeabi_fmul            0x0000367d          Code  Gb  FltMul.o [4]
__aeabi_fsub            0x00003755          Code  Gb  FltSub.o [4]
__aeabi_i2d             0x00002d4d          Code  Gb  I32ToDbl.o [4]
__aeabi_i2f             0x00003299          Code  Gb  I32ToFlt.o [4]
__aeabi_ui2f            0x000032ad          Code  Gb  I32ToFlt.o [4]
__cmain                 0x0000847d          Code  Gb  cmain.o [5]
__code_start__ {Abs}    0x00000410           --   Gb  command line/config [2]
__exit                  0x000084ad    0x14  Code  Gb  exit.o [6]
__iar_d2uiz             0x00002fed          Code  Gb  DblToI32.o [4]
__iar_dadd              0x000031c5          Code  Gb  DblAdd.o [4]
__iar_data_init3        0x000082ed    0x28  Code  Gb  data_init.o [5]
__iar_dsub              0x000033e1          Code  Gb  DblSub.o [4]
__iar_dsubStart         0x000033f3          Code  Gb  DblSub.o [4]
__iar_fadd              0x0000384d          Code  Gb  FltAdd.o [4]
__iar_fsub              0x00003765          Code  Gb  FltSub.o [4]
__iar_fsubStart         0x00003775          Code  Gb  FltSub.o [4]
__iar_program_start     0x0000878d          Code  Gb  cstartup_M.o [5]
__iar_ui2d              0x00002d61          Code  Gb  I32ToDbl.o [4]
__iar_ui2f              0x000032b1          Code  Gb  I32ToFlt.o [4]
__iar_zero_init3        0x00002d2b    0x22  Code  Gb  zero_init3.o [5]
__low_level_init        0x00008497     0x4  Code  Gb  low_level_init.o [3]
__vector_table          0x00000000   0x410  Data  Gb  vectors.o [1]
_call_main              0x00008489          Code  Gb  cmain.o [5]
_exit                   0x000084a1          Code  Gb  cexit.o [5]
_main                   0x00008493          Code  Gb  cmain.o [5]
ad_once                 0x00006027    0x7e  Code  Gb  adc.o [1]
adc_config_alt          0x0000610d    0x26  Code  Lc  adc.o [1]
adc_init                0x00005df1   0x236  Code  Gb  adc.o [1]
adc_start               0x000060a5    0x48  Code  Gb  adc.o [1]
assert_failed           0x000038c1    0x18  Code  Gb  assert.o [1]
bus_clk_khz             0x1fff6d38     0x4  Data  Gb  sysinit.o [1]
button_timeout          0x1fff1038     0x1  Data  Gb  main.o [1]
cfgnum                  0x1fff10d8     0x1  Data  Gb  OV7725.o [1]
cmt_period              0x1fff6d54     0x2  Data  Gb  cmt.o [1]
cmt_pwm_duty            0x0000678d    0x46  Code  Gb  cmt.o [1]
cmt_pwm_init            0x000066c9    0xc4  Code  Gb  cmt.o [1]
codeGB_16               0x1fff0cc4   0x36c  Data  Gb  LCD.o [1]
common_startup          0x00006d65    0xc0  Code  Gb  startup.o [1]
core_clk_khz            0x1fff6d30     0x4  Data  Gb  sysinit.o [1]
core_clk_mhz            0x1fff6d34     0x4  Data  Gb  sysinit.o [1]
cpu_identify            0x0000693b   0x20a  Code  Gb  start.o [1]
default_isr             0x000087f1     0x8  Code  Gb  vectors.o [1]
delayms                 0x00003659    0x1e  Code  Gb  delay.o [1]
dial_switch_Init        0x00007a79    0x74  Code  Gb  dial_switch.o [1]
dial_switch_Scan        0x00007aed    0x82  Code  Gb  dial_switch.o [1]
diff_done_flag          0x1fff6d5c     0x1  Data  Gb  image_process.o [1]
disable_irq             0x00005737    0x5e  Code  Gb  arm_cm4.o [1]
enable_irq              0x000056a3    0x94  Code  Gb  arm_cm4.o [1]
exit                    0x0000849b     0x4  Code  Gb  exit.o [3]
filter_1st              0x000032cd    0x36  Code  Gb  filter.o [1]
flash_identify          0x00006b45    0xbe  Code  Gb  start.o [1]
get_black_line          0x0000074d   0x336  Code  Gb  image_process.o [1]
get_three_lie           0x00000a83   0x2d0  Code  Gb  image_process.o [1]
getspeed2_init          0x00005c0d    0x98  Code  Gb  getspeed.o [1]
gpio_init               0x0000354d    0xb6  Code  Gb  gpio.o [1]
image_process           0x0000044d   0x2cc  Code  Gb  image_process.o [1]
img_flag                0x1fff1072     0x1  Data  Gb  OV7725.o [1]
main                    0x00006e81   0x24c  Code  Gb  main.o [1]
mcg_div                 0x1fff1068     0x8  Data  Gb  mcg.o [1]
min_u8_index            0x00003349    0x32  Code  Gb  mymath.o [1]
myBEEP_Init             0x00005b99    0x14  Code  Gb  beep.o [1]
myKEY_Init              0x0000773d    0x40  Code  Gb  mykey.o [1]
myLED_Init              0x00007b79    0x1c  Code  Gb  LED.o [1]
out_char                0x0000874d    0x10  Code  Gb  io.o [1]
ov7725_get_img          0x000078dd    0x18  Code  Gb  OV7725.o [1]
ov7727_reg              0x1fff1074    0x64  Data  Gb  OV7725.o [1]
pit_init                0x00007a09    0x62  Code  Gb  PIT.o [1]
pll_init                0x000070d5   0x2f4  Code  Gb  mcg.o [1]
port_init               0x00007bb5    0x4a  Code  Gb  port.o [1]
port_init_NoALT         0x00003603    0x44  Code  Gb  gpio.o [1]
power_s16               0x0000337b    0x1c  Code  Gb  mymath.o [1]
printf                  0x00003e13    0x26  Code  Gb  printf.o [1]
printk                  0x00003a01   0x412  Code  Gb  printf.o [1]
printk_mknumstr         0x0000390b    0xaa  Code  Lc  printf.o [1]
printk_pad_space        0x000039db    0x26  Code  Lc  printf.o [1]
printk_pad_zero         0x000039b5    0x26  Code  Lc  printf.o [1]
printk_putc             0x000038d9    0x32  Code  Lc  printf.o [1]
road_filter_flag        0x1fff6d5d     0x1  Data  Gb  image_process.o [1]
set_sys_dividers        0x1fff10f5    0x50  Code  Gb  mcg.o [1]
stand_AD                0x1fff1064     0x2  Data  Gb  main.o [1]
stand_AD_L              0x1fff1060     0x2  Data  Gb  main.o [1]
stand_AD_R              0x1fff1062     0x2  Data  Gb  main.o [1]
stand_d                 0x1fff21a0     0x4  Data  Gb  main.o [1]
stand_p                 0x1fff219c     0x4  Data  Gb  main.o [1]
start                   0x0000680d   0x12e  Code  Gb  start.o [1]
strlen                  0x00003e3d    0x20  Code  Gb  stdlib.o [1]
sum_point               0x00003397    0x34  Code  Gb  mymath.o [1]
sysinit                 0x00006e25    0x48  Code  Gb  sysinit.o [1]
uart_init               0x000057c5   0x1f8  Code  Gb  uart.o [1]
uart_pendchar           0x000059bd    0x38  Code  Gb  uart.o [1]
uart_pendstr            0x000059f5    0x34  Code  Gb  uart.o [1]
uart_putchar            0x00005a29    0x1e  Code  Gb  uart.o [1]
wdog_disable            0x00006d2d    0x16  Code  Gb  wdog.o [1]
wdog_unlock             0x00006d45    0x16  Code  Gb  wdog.o [1]
write_command           0x000022e9   0x1be  Code  Gb  LCD.o [1]
write_data              0x000024a7   0x1be  Code  Gb  LCD.o [1]
write_vtor              0x0000569d     0x6  Code  Gb  arm_cm4.o [1]
write_word              0x00002665    0x16  Code  Gb  LCD.o [1]


[1] = D:\MK60-shengsai\6.28改\build\fire_demo\Debug\Obj
[2] = command line
[3] = dl7M_tln.a
[4] = m7M_tl.a
[5] = rt7M_tl.a
[6] = shb_l.a

  28 594 bytes of readonly  code memory
      80 bytes of readwrite code memory
   6 212 bytes of readonly  data memory
  26 889 bytes of readwrite data memory

Errors: none
Warnings: none
