###############################################################################
#
# IAR ELF Linker V7.30.1.7746/W32 for ARM                 30/Jun/2018  23:33:27
# Copyright 2007-2014 IAR Systems AB.
#
#    Output file  =  
#        D:\MK60-shengsai\6.28改\build\fire_demo\Debug\Exe\fire_gpio_demo.out
#    Map file     =  
#        D:\MK60-shengsai\6.28改\build\fire_demo\Debug\List\fire_gpio_demo.map
#    Command line =  
#        D:\MK60-shengsai\6.28改\build\fire_demo\Debug\Obj\adc.o
#        D:\MK60-shengsai\6.28改\build\fire_demo\Debug\Obj\alloc.o
#        D:\MK60-shengsai\6.28改\build\fire_demo\Debug\Obj\arm_cm4.o
#        D:\MK60-shengsai\6.28改\build\fire_demo\Debug\Obj\assert.o
#        D:\MK60-shengsai\6.28改\build\fire_demo\Debug\Obj\beep.o
#        D:\MK60-shengsai\6.28改\build\fire_demo\Debug\Obj\Car_init.o
#        D:\MK60-shengsai\6.28改\build\fire_demo\Debug\Obj\cmt.o
#        D:\MK60-shengsai\6.28改\build\fire_demo\Debug\Obj\crt0.o
#        D:\MK60-shengsai\6.28改\build\fire_demo\Debug\Obj\define.o
#        D:\MK60-shengsai\6.28改\build\fire_demo\Debug\Obj\delay.o
#        D:\MK60-shengsai\6.28改\build\fire_demo\Debug\Obj\dial_switch.o
#        D:\MK60-shengsai\6.28改\build\fire_demo\Debug\Obj\dma.o
#        D:\MK60-shengsai\6.28改\build\fire_demo\Debug\Obj\exti.o
#        D:\MK60-shengsai\6.28改\build\fire_demo\Debug\Obj\filter.o
#        D:\MK60-shengsai\6.28改\build\fire_demo\Debug\Obj\FTM.o
#        D:\MK60-shengsai\6.28改\build\fire_demo\Debug\Obj\getspeed.o
#        D:\MK60-shengsai\6.28改\build\fire_demo\Debug\Obj\gpio.o
#        D:\MK60-shengsai\6.28改\build\fire_demo\Debug\Obj\i2c.o
#        D:\MK60-shengsai\6.28改\src\LIB\CMSIS\iar_cortexM4l_math.a
#        D:\MK60-shengsai\6.28改\build\fire_demo\Debug\Obj\image_process.o
#        D:\MK60-shengsai\6.28改\build\fire_demo\Debug\Obj\io.o
#        D:\MK60-shengsai\6.28改\build\fire_demo\Debug\Obj\isr.o
#        D:\MK60-shengsai\6.28改\build\fire_demo\Debug\Obj\ISR_FUN.o
#        D:\MK60-shengsai\6.28改\build\fire_demo\Debug\Obj\LCD.o
#        D:\MK60-shengsai\6.28改\build\fire_demo\Debug\Obj\LED.o
#        D:\MK60-shengsai\6.28改\build\fire_demo\Debug\Obj\lptmr.o
#        D:\MK60-shengsai\6.28改\build\fire_demo\Debug\Obj\main.o
#        D:\MK60-shengsai\6.28改\build\fire_demo\Debug\Obj\mcg.o
#        D:\MK60-shengsai\6.28改\build\fire_demo\Debug\Obj\memtest.o
#        D:\MK60-shengsai\6.28改\build\fire_demo\Debug\Obj\MK60_spi.o
#        D:\MK60-shengsai\6.28改\build\fire_demo\Debug\Obj\mykey.o
#        D:\MK60-shengsai\6.28改\build\fire_demo\Debug\Obj\mymath.o
#        D:\MK60-shengsai\6.28改\build\fire_demo\Debug\Obj\myPWM.o
#        D:\MK60-shengsai\6.28改\build\fire_demo\Debug\Obj\OV7725.o
#        D:\MK60-shengsai\6.28改\build\fire_demo\Debug\Obj\pid.o
#        D:\MK60-shengsai\6.28改\build\fire_demo\Debug\Obj\PIT.o
#        D:\MK60-shengsai\6.28改\build\fire_demo\Debug\Obj\port.o
#        D:\MK60-shengsai\6.28改\build\fire_demo\Debug\Obj\printf.o
#        D:\MK60-shengsai\6.28改\build\fire_demo\Debug\Obj\queue.o
#        D:\MK60-shengsai\6.28改\build\fire_demo\Debug\Obj\SCCB.o
#        D:\MK60-shengsai\6.28改\build\fire_demo\Debug\Obj\sdhc.o
#        D:\MK60-shengsai\6.28改\build\fire_demo\Debug\Obj\start.o
#        D:\MK60-shengsai\6.28改\build\fire_demo\Debug\Obj\startup.o
#        D:\MK60-shengsai\6.28改\build\fire_demo\Debug\Obj\stdlib.o
#        D:\MK60-shengsai\6.28改\build\fire_demo\Debug\Obj\sysinit.o
#        D:\MK60-shengsai\6.28改\build\fire_demo\Debug\Obj\uart.o
#        D:\MK60-shengsai\6.28改\build\fire_demo\Debug\Obj\uif.o
#        D:\MK60-shengsai\6.28改\build\fire_demo\Debug\Obj\vectors.o
#        D:\MK60-shengsai\6.28改\build\fire_demo\Debug\Obj\wdog.o -o
#        D:\MK60-shengsai\6.28改\build\fire_demo\Debug\Exe\fire_gpio_demo.out
#        --map
#        D:\MK60-shengsai\6.28改\build\fire_demo\Debug\List\fire_gpio_demo.map
#        --config "D:\MK60-shengsai\6.28改\build\fire_demo\..\config
#        files\fire_ROM_K60N512.icf" --semihosting --entry __iar_program_start
#        "C:\Program Files (x86)\IAR Systems\Embedded Workbench
#        7.0\arm\CMSIS\Lib\IAR\iar_cortexM4l_math.a" --vfe
#
###############################################################################

*******************************************************************************
*** RUNTIME MODEL ATTRIBUTES
***

CppFlavor       = *
__SystemLibrary = DLib


*******************************************************************************
*** PLACEMENT SUMMARY
***

"A1":  place at 0x00000000 { ro section .intvec };
"A2":  place at 0x00000410 { ro section .noinit };
"P1":  place in [from 0x00000000 to 0x00040000] { ro, block CodeRelocate };
"P2":  place in [from 0x1fff0410 to 0x20010000] {
          rw, block CodeRelocateRam, block CSTACK, block HEAP };

  Section              Kind        Address    Size  Object
  -------              ----        -------    ----  ------
"A1":                                        0x410
  .intvec              const    0x00000000   0x410  vectors.o [1]
                              - 0x00000410   0x410

"P1", part 1 of 2:                             0x0
  .rodata              const    0x00000410     0x0  zero_init3.o [5]

"A2":                                         0x3c
  .noinit              ro code  0x00000410    0x3c  crt0.o [1]
                              - 0x0000044c    0x3c

"P1", part 2 of 2:                          0xa104
  .text                ro code  0x0000044c  0x3834  image_process.o [1]
  .text                ro code  0x00003c80   0xcb2  LCD.o [1]
  .text                ro code  0x00004932    0x22  zero_init3.o [5]
  .text                ro code  0x00004954    0x2c  I32ToDbl.o [4]
  .text                ro code  0x00004980   0x246  DblDiv.o [4]
  .text                ro code  0x00004bc8    0x4c  DblToI32.o [4]
  .text                ro code  0x00004c14   0x1a2  DblMul.o [4]
  .text                ro code  0x00004db8    0xe8  DblAdd.o [4]
  .text                ro code  0x00004ea0    0x32  I32ToFlt.o [4]
  .text                ro code  0x00004ed4    0x36  filter.o [1]
  .text                ro code  0x00004f0c    0x44  FltToS32.o [4]
  .text                ro code  0x00004f50    0x82  mymath.o [1]
  .text                ro code  0x00004fd4   0x180  DblSub.o [4]
  .text                ro code  0x00005154    0x74  beep.o [1]
  .text                ro code  0x000051c8   0x10c  gpio.o [1]
  .text                ro code  0x000052d4    0x24  delay.o [1]
  .text                ro code  0x000052f8    0xd8  FltMul.o [4]
  .text                ro code  0x000053d0    0xe6  FltSub.o [4]
  .text                ro code  0x000054b8    0x84  FltAdd.o [4]
  .text                ro code  0x0000553c    0x18  assert.o [1]
  .text                ro code  0x00005554   0x564  printf.o [1]
  .text                ro code  0x00005ab8    0x20  stdlib.o [1]
  .data_init                    0x00005ad8   0xcf4  <Block>
    Initializer bytes  ro data  0x00005ad8   0xcf4  <for .data-1>
  .text                ro code  0x000067cc   0x84c  isr.o [1]
  .text                ro code  0x00007018   0x344  dma.o [1]
  .text                ro code  0x0000735c   0x128  arm_cm4.o [1]
  .text                ro code  0x00007484   0x3d4  uart.o [1]
  .text                ro code  0x00007858   0x10c  getspeed.o [1]
  .text                ro code  0x00007964   0x134  ISR_FUN.o [1]
  .text                ro code  0x00007a98   0x356  adc.o [1]
  .text                ro code  0x00007dee   0x130  pid.o [1]
  .text                ro code  0x00007f20    0x24  FltCmpGe.o [4]
  .text                ro code  0x00007f44    0x24  FltCmpLe.o [4]
  .text                ro code  0x00007f68   0x3d8  FTM.o [1]
  .text                ro code  0x00008340    0x4e  FltToDbl.o [4]
  .text                ro code  0x00008390    0x90  DblToFlt.o [4]
  .text                ro code  0x00008420   0x144  cmt.o [1]
  .text                ro code  0x00008564   0x520  start.o [1]
  .text                ro code  0x00008a84    0x38  wdog.o [1]
  .text                ro code  0x00008abc    0xc0  startup.o [1]
  .text                ro code  0x00008b7c    0x5c  sysinit.o [1]
  .text                ro code  0x00008bd8   0x24c  main.o [1]
  Veneer               ro code  0x00008e24     0x8  - Linker created -
  .text                ro code  0x00008e2c   0x2f4  mcg.o [1]
  .text                ro code  0x00009120   0x374  Car_init.o [1]
  .text                ro code  0x00009494    0xe8  mykey.o [1]
  .text                ro code  0x0000957c   0x1e4  OV7725.o [1]
  .text                ro code  0x00009760    0x70  PIT.o [1]
  .text                ro code  0x000097d0   0x100  dial_switch.o [1]
  .text                ro code  0x000098d0    0x1c  LED.o [1]
  .text                ro code  0x000098ec    0x20  myPWM.o [1]
  .text                ro code  0x0000990c    0x58  port.o [1]
  .text                ro code  0x00009964   0x40a  SCCB.o [1]
  CodeRelocate                  0x00009d70    0x50  <Block>
    Initializer bytes  ro data  0x00009d70    0x50  <for CodeRelocateRam-1>
  .rodata              const    0x00009dc0    0x4c  assert.o [1]
  .rodata              const    0x00009e0c    0x48  start.o [1]
  .rodata              const    0x00009e54    0x40  start.o [1]
  .rodata              const    0x00009e94    0x3c  arm_cm4.o [1]
  .rodata              const    0x00009ed0    0x38  arm_cm4.o [1]
  .rodata              const    0x00009f08    0x30  adc.o [1]
  .rodata              const    0x00009f38    0x30  dma.o [1]
  .rodata              const    0x00009f68    0x30  FTM.o [1]
  .rodata              const    0x00009f98    0x30  gpio.o [1]
  .rodata              const    0x00009fc8    0x2c  start.o [1]
  .rodata              const    0x00009ff4    0x28  start.o [1]
  .rodata              const    0x0000a01c    0x28  start.o [1]
  .text                ro code  0x0000a044    0x28  data_init.o [5]
  .rodata              const    0x0000a06c    0x24  OV7725.o [1]
  .iar.init_table      const    0x0000a090    0x10  - Linker created -
  .rodata              const    0x0000a0a0    0x20  OV7725.o [1]
  .rodata              const    0x0000a0c0    0x20  OV7725.o [1]
  .rodata              const    0x0000a0e0    0x20  start.o [1]
  .rodata              const    0x0000a100    0x20  start.o [1]
  .rodata              const    0x0000a120    0x20  start.o [1]
  .rodata              const    0x0000a140    0x20  start.o [1]
  .rodata              const    0x0000a160    0x20  start.o [1]
  .rodata              const    0x0000a180    0x1c  start.o [1]
  .rodata              const    0x0000a19c    0x1c  start.o [1]
  .rodata              const    0x0000a1b8    0x1c  start.o [1]
  .text                ro code  0x0000a1d4    0x1a  cmain.o [5]
  .text                ro code  0x0000a1ee     0x4  low_level_init.o [3]
  .text                ro code  0x0000a1f2     0x4  exit.o [3]
  .text                ro code  0x0000a1f8     0xa  cexit.o [5]
  .text                ro code  0x0000a204    0x14  exit.o [6]
  .rodata              const    0x0000a218    0x18  OV7725.o [1]
  .rodata              const    0x0000a230    0x18  start.o [1]
  .rodata              const    0x0000a248    0x18  start.o [1]
  .rodata              const    0x0000a260    0x18  start.o [1]
  .rodata              const    0x0000a278    0x18  start.o [1]
  .rodata              const    0x0000a290    0x18  start.o [1]
  .rodata              const    0x0000a2a8    0x18  start.o [1]
  .rodata              const    0x0000a2c0    0x18  start.o [1]
  .rodata              const    0x0000a2d8    0x18  start.o [1]
  .rodata              const    0x0000a2f0    0x14  OV7725.o [1]
  .rodata              const    0x0000a304    0x14  start.o [1]
  .rodata              const    0x0000a318    0x14  start.o [1]
  .rodata              const    0x0000a32c    0x14  start.o [1]
  .rodata              const    0x0000a340    0x14  start.o [1]
  .rodata              const    0x0000a354    0x14  start.o [1]
  .rodata              const    0x0000a368    0x14  start.o [1]
  .rodata              const    0x0000a37c    0x14  start.o [1]
  .rodata              const    0x0000a390    0x14  start.o [1]
  .rodata              const    0x0000a3a4    0x10  isr.o [1]
  .rodata              const    0x0000a3b4    0x10  isr.o [1]
  .rodata              const    0x0000a3c4    0x10  OV7725.o [1]
  .rodata              const    0x0000a3d4    0x10  start.o [1]
  .rodata              const    0x0000a3e4    0x10  start.o [1]
  .rodata              const    0x0000a3f4    0x10  start.o [1]
  .rodata              const    0x0000a404    0x10  start.o [1]
  .rodata              const    0x0000a414    0x10  start.o [1]
  .rodata              const    0x0000a424    0x10  start.o [1]
  .rodata              const    0x0000a434    0x10  start.o [1]
  .rodata              const    0x0000a444    0x10  start.o [1]
  .rodata              const    0x0000a454    0x10  start.o [1]
  .rodata              const    0x0000a464    0x10  start.o [1]
  .rodata              const    0x0000a474    0x10  start.o [1]
  .rodata              const    0x0000a484    0x10  start.o [1]
  .rodata              const    0x0000a494    0x10  start.o [1]
  .text                ro code  0x0000a4a4    0x10  io.o [1]
  .rodata              const    0x0000a4b4     0xc  start.o [1]
  .rodata              const    0x0000a4c0     0xc  start.o [1]
  .rodata              const    0x0000a4cc     0xc  start.o [1]
  .rodata              const    0x0000a4d8     0xc  start.o [1]
  .text                ro code  0x0000a4e4     0xc  cstartup_M.o [5]
  .rodata              const    0x0000a4f0     0x8  image_process.o [1]
  .rodata              const    0x0000a4f8     0x8  image_process.o [1]
  .rodata              const    0x0000a500     0x8  isr.o [1]
  .rodata              const    0x0000a508     0x8  start.o [1]
  .rodata              const    0x0000a510     0x8  start.o [1]
  .rodata              const    0x0000a518     0x8  start.o [1]
  .rodata              const    0x0000a520     0x8  start.o [1]
  .rodata              const    0x0000a528     0x8  start.o [1]
  .rodata              const    0x0000a530     0x8  start.o [1]
  .rodata              const    0x0000a538     0x8  start.o [1]
  .rodata              const    0x0000a540     0x8  start.o [1]
  .text                ro code  0x0000a548     0x8  vectors.o [1]
                              - 0x0000a550  0xa104

"P2":                                       0x697c
  .data                         0x1fff0410   0xcf4  <Block>
    .data-1                     0x1fff0410   0xcf4  <Init block>
      .data            inited   0x1fff0410     0x8  adc.o [1]
      .data            inited   0x1fff0418     0x4  beep.o [1]
      .data            inited   0x1fff041c     0xc  FTM.o [1]
      .data            inited   0x1fff0428    0x14  gpio.o [1]
      .data            inited   0x1fff043c    0x14  gpio.o [1]
      .data            inited   0x1fff0450    0x14  image_process.o [1]
      .data            inited   0x1fff0464     0x8  image_process.o [1]
      .data            inited   0x1fff046c    0x58  image_process.o [1]
      .data            inited   0x1fff04c4     0xc  image_process.o [1]
      .data            inited   0x1fff04d0     0x1  isr.o [1]
      .data            inited   0x1fff04d4   0x800  LCD.o [1]
      .data            inited   0x1fff0cd4   0x36c  LCD.o [1]
      .data            inited   0x1fff1040     0x4  main.o [1]
      .data            inited   0x1fff1044     0x4  main.o [1]
      .data            inited   0x1fff1048     0x1  main.o [1]
      .data            inited   0x1fff1049     0x1  main.o [1]
      .data            inited   0x1fff104a     0x1  main.o [1]
      .data            inited   0x1fff104b     0x1  main.o [1]
      .data            inited   0x1fff104c     0x4  main.o [1]
      .data            inited   0x1fff1050     0x4  main.o [1]
      .data            inited   0x1fff1054     0x4  main.o [1]
      .data            inited   0x1fff1058     0x4  main.o [1]
      .data            inited   0x1fff105c     0x1  main.o [1]
      .data            inited   0x1fff1060     0x4  main.o [1]
      .data            inited   0x1fff1064     0x4  main.o [1]
      .data            inited   0x1fff1068     0x1  main.o [1]
      .data            inited   0x1fff106c     0x4  main.o [1]
      .data            inited   0x1fff1070     0x2  main.o [1]
      .data            inited   0x1fff1072     0x2  main.o [1]
      .data            inited   0x1fff1074     0x2  main.o [1]
      .data            inited   0x1fff1078     0x8  mcg.o [1]
      .data            inited   0x1fff1080     0x1  mykey.o [1]
      .data            inited   0x1fff1081     0x1  OV7725.o [1]
      .data            inited   0x1fff1082     0x1  OV7725.o [1]
      .data            inited   0x1fff1084    0x64  OV7725.o [1]
      .data            inited   0x1fff10e8     0x1  OV7725.o [1]
      .data            inited   0x1fff10ec    0x18  uart.o [1]
  CodeRelocateRam               0x1fff1104    0x50  <Block>
    CodeRelocateRam-1           0x1fff1104    0x50  <Init block>
      .textrw          inited   0x1fff1104    0x50  mcg.o [1]
  .bss                          0x1fff1154  0x5c38  <Block>
    .bss               zero     0x1fff1154    0x10  adc.o [1]
    .bss               zero     0x1fff1164   0x140  image_process.o [1]
    .bss               zero     0x1fff12a4   0xe14  image_process.o [1]
    .bss               zero     0x1fff20b8     0xc  image_process.o [1]
    .bss               zero     0x1fff20c4     0x4  image_process.o [1]
    .bss               zero     0x1fff20c8    0x14  image_process.o [1]
    .bss               zero     0x1fff20dc     0x4  isr.o [1]
    .bss               zero     0x1fff20e0     0x8  isr.o [1]
    .bss               zero     0x1fff20e8     0x4  isr.o [1]
    .bss               zero     0x1fff20ec     0x4  isr.o [1]
    .bss               zero     0x1fff20f0     0x4  isr.o [1]
    .bss               zero     0x1fff20f4     0x4  main.o [1]
    .bss               zero     0x1fff20f8     0x4  main.o [1]
    .bss               zero     0x1fff20fc     0x4  main.o [1]
    .bss               zero     0x1fff2100     0x4  main.o [1]
    .bss               zero     0x1fff2104     0x4  main.o [1]
    .bss               zero     0x1fff2108     0x4  main.o [1]
    .bss               zero     0x1fff210c    0x38  main.o [1]
    .bss               zero     0x1fff2144    0x38  main.o [1]
    .bss               zero     0x1fff217c    0x38  main.o [1]
    .bss               zero     0x1fff21b4     0x4  main.o [1]
    .bss               zero     0x1fff21b8     0x4  main.o [1]
    .bss               zero     0x1fff21bc     0x4  main.o [1]
    .bss               zero     0x1fff21c0     0x4  main.o [1]
    .bss               zero     0x1fff21c4    0x38  main.o [1]
    .bss               zero     0x1fff21fc  0x25a8  OV7725.o [1]
    .bss               zero     0x1fff47a4  0x25a8  OV7725.o [1]
    .bss               zero     0x1fff6d4c     0x4  OV7725.o [1]
    .bss               zero     0x1fff6d50     0x4  sysinit.o [1]
    .bss               zero     0x1fff6d54     0x4  sysinit.o [1]
    .bss               zero     0x1fff6d58     0x4  sysinit.o [1]
    .bss               zero     0x1fff6d5c    0x18  uart.o [1]
    .bss               zero     0x1fff6d74     0x2  cmt.o [1]
    .bss               zero     0x1fff6d76     0x2  LCD.o [1]
    .bss               zero     0x1fff6d78     0x2  LCD.o [1]
    .bss               zero     0x1fff6d7a     0x2  main.o [1]
    .bss               zero     0x1fff6d7c     0x1  image_process.o [1]
    .bss               zero     0x1fff6d7d     0x1  image_process.o [1]
    .bss               zero     0x1fff6d7e     0x1  image_process.o [1]
    .bss               zero     0x1fff6d7f     0x1  image_process.o [1]
    .bss               zero     0x1fff6d80     0x1  image_process.o [1]
    .bss               zero     0x1fff6d81     0x1  isr.o [1]
    .bss               zero     0x1fff6d82     0x1  isr.o [1]
    .bss               zero     0x1fff6d83     0x1  isr.o [1]
    .bss               zero     0x1fff6d84     0x1  main.o [1]
    .bss               zero     0x1fff6d85     0x1  main.o [1]
    .bss               zero     0x1fff6d86     0x1  main.o [1]
    .bss               zero     0x1fff6d87     0x1  main.o [1]
    .bss               zero     0x1fff6d88     0x1  main.o [1]
    .bss               zero     0x1fff6d89     0x1  main.o [1]
                              - 0x1fff6d8c  0x697c


*******************************************************************************
*** INIT TABLE
***

          Address     Size
          -------     ----
Zero (__iar_zero_init3)
    1 destination range, total size 0x5c36:
          0x1fff1154  0x5c36



*******************************************************************************
*** MODULE SUMMARY
***

    Module            ro code  rw code  ro data  rw data
    ------            -------  -------  -------  -------
D:\MK60-shengsai\6.28改\build\fire_demo\Debug\Obj: [1]
    Car_init.o            884
    FTM.o                 984                60       12
    ISR_FUN.o             308
    LCD.o               3 250             2 927    2 928
    LED.o                  28
    OV7725.o              484               264   19 387
    PIT.o                 112
    SCCB.o              1 034
    adc.o                 854                56       24
    arm_cm4.o             296               116
    assert.o               24                76
    beep.o                116                 4        4
    cmt.o                 324                          2
    crt0.o                 60
    delay.o                36
    dial_switch.o         256
    dma.o                 836                48
    filter.o               54
    getspeed.o            268
    gpio.o                268                88       40
    image_process.o    14 388               144    4 093
    io.o                   16
    isr.o               2 124                41       28
    main.o                588                54      320
    mcg.o                 756       80       90        8
    myPWM.o                32
    mykey.o               232                 1        1
    mymath.o              130
    pid.o                 304
    port.o                 88
    printf.o            1 380
    start.o             1 312             1 176
    startup.o             192
    stdlib.o               32
    sysinit.o              92                         12
    uart.o                980                27       48
    vectors.o               8             1 040
    wdog.o                 56
    ----------------------------------------------------
    Total:             33 186       80    6 212   26 907

command line: [2]
    ----------------------------------------------------
    Total:

dl7M_tln.a: [3]
    exit.o                  4
    low_level_init.o        4
    ----------------------------------------------------
    Total:                  8

m7M_tl.a: [4]
    DblAdd.o              232
    DblDiv.o              582
    DblMul.o              418
    DblSub.o              384
    DblToFlt.o            144
    DblToI32.o             76
    FltAdd.o              132
    FltCmpGe.o             36
    FltCmpLe.o             36
    FltMul.o              216
    FltSub.o              230
    FltToDbl.o             78
    FltToS32.o             68
    I32ToDbl.o             44
    I32ToFlt.o             50
    ----------------------------------------------------
    Total:              2 726

rt7M_tl.a: [5]
    cexit.o                10
    cmain.o                26
    cstartup_M.o           12
    data_init.o            40
    zero_init3.o           34
    ----------------------------------------------------
    Total:                122

shb_l.a: [6]
    exit.o                 20
    ----------------------------------------------------
    Total:                 20

    Gaps                   20                         15
    Linker created          8                16
--------------------------------------------------------
    Grand Total:       36 090       80    6 228   26 922


*******************************************************************************
*** ENTRY LIST
***

Entry                      Address    Size  Type      Object
-----                      -------    ----  ----      ------
.bss$$Base              0x1fff1154           --   Gb  - Linker created -
.bss$$Limit             0x1fff6d8c           --   Gb  - Linker created -
.data$$Base             0x1fff0410           --   Gb  - Linker created -
.data$$Limit            0x1fff1104           --   Gb  - Linker created -
.data_init$$Base        0x00005ad8           --   Gb  - Linker created -
.data_init$$Limit       0x000067cc           --   Gb  - Linker created -
?main                   0x0000a1d5          Code  Gb  cmain.o [5]
ADCx                    0x1fff0410     0x8  Data  Gb  adc.o [1]
ASSERT_FAILED_STR       0x00009dc0    0x4c  Data  Gb  assert.o [1]
Acc_K                   0x1fff106c     0x4  Data  Gb  main.o [1]
Acc_Limit               0x1fff1068     0x1  Data  Gb  main.o [1]
BEEP_Open_once          0x00005169    0x22  Code  Gb  beep.o [1]
Back_Color              0x1fff6d78     0x2  Data  Gb  LCD.o [1]
Beep_ISR                0x000051a1    0x24  Code  Gb  beep.o [1]
Beep_Once               0x0000518b    0x16  Code  Gb  beep.o [1]
Blue_Start_Flag         0x1fff104b     0x1  Data  Gb  main.o [1]
Brush_Color             0x1fff6d76     0x2  Data  Gb  LCD.o [1]
Center_Filter           0x1fff0450    0x14  Data  Gb  image_process.o [1]
CenterlineToDiff        0x00000d57    0x58  Code  Gb  image_process.o [1]
CodeRelocate$$Base      0x00009d70           --   Gb  - Linker created -
CodeRelocate$$Limit     0x00009dc0           --   Gb  - Linker created -
CodeRelocateRam$$Base   0x1fff1104           --   Gb  - Linker created -
CodeRelocateRam$$Limit  0x1fff1154           --   Gb  - Linker created -
Cross                   0x1fff04c4     0xc  Data  Gb  image_process.o [1]
Cross_center_test       0x00003585   0x322  Code  Gb  image_process.o [1]
Cross_curve_test        0x00002fc5   0x5ba  Code  Gb  image_process.o [1]
Cross_pre_test          0x000038cd   0x30c  Code  Gb  image_process.o [1]
Cross_process           0x00002b4b    0x26  Code  Gb  image_process.o [1]
DIFF_DOWN               0x1fff1064     0x4  Data  Gb  main.o [1]
DIFF_PID_CHANGE_FLAG    0x1fff6d89     0x1  Data  Gb  main.o [1]
DIFF_UP                 0x1fff1060     0x4  Data  Gb  main.o [1]
DMA0_IRQHandler         0x000068a1    0x5c  Code  Gb  isr.o [1]
DMA_PORTx2BUFF_Init     0x00007019   0x30a  Code  Gb  dma.o [1]
Diff_PID                0x1fff217c    0x38  Data  Gb  main.o [1]
Diff_PID_Process        0x00007e7d    0x50  Code  Gb  pid.o [1]
Diff_error              0x1fff21b4     0x4  Data  Gb  main.o [1]
Disp_single_colour      0x00004479    0x34  Code  Gb  LCD.o [1]
Duty_Motor1             0x1fff2104     0x4  Data  Gb  main.o [1]
Duty_Motor2             0x1fff2108     0x4  Data  Gb  main.o [1]
Elec_Island             0x00000e3f    0x8e  Code  Gb  image_process.o [1]
FTM0_IRQHandler         0x00007013     0x2  Code  Gb  isr.o [1]
FTM1_IRQHandler         0x00007015     0x2  Code  Gb  isr.o [1]
FTM2_IRQHandler         0x00007017     0x2  Code  Gb  isr.o [1]
FTM_PWM_Duty            0x00008283    0x76  Code  Gb  FTM.o [1]
FTM_PWM_init            0x00007f69   0x31a  Code  Gb  FTM.o [1]
FTMx                    0x1fff041c     0xc  Data  Gb  FTM.o [1]
Font8x16                0x1fff04d4   0x800  Data  Gb  LCD.o [1]
GPIOx                   0x1fff0428    0x14  Data  Gb  gpio.o [1]
Get_speed2              0x000078f1    0x4a  Code  Gb  getspeed.o [1]
HardFault_Handler       0x000068ff     0x2  Code  Gb  isr.o [1]
I_TEMP2                 0x1fff1050     0x4  Data  Gb  main.o [1]
ImageData               0x1fff1164   0x140  Data  Gb  image_process.o [1]
Image_Flag              0x1fff105c     0x1  Data  Gb  main.o [1]
Image_Island_Test       0x00001b95   0x368  Code  Gb  image_process.o [1]
Image_Island_Test_Beep  0x1fff0418     0x4  Data  Gb  beep.o [1]
Image_fire              0x1fff6d4c     0x4  Data  Gb  OV7725.o [1]
Image_fire_Memory1      0x1fff21fc  0x25a8  Data  Gb  OV7725.o [1]
Image_fire_Memory2      0x1fff47a4  0x25a8  Data  Gb  OV7725.o [1]
Image_hang              0x1fff12a4   0xe14  Data  Gb  image_process.o [1]
Image_lie               0x1fff0464     0x8  Data  Gb  image_process.o [1]
In_Cross                0x00002bad   0x40a  Code  Gb  image_process.o [1]
In_Cross_test           0x00002b71    0x34  Code  Gb  image_process.o [1]
In_Island               0x00000eed   0x3a4  Code  Gb  image_process.o [1]
In_Island_center        0x000012a9   0x2b4  Code  Gb  image_process.o [1]
Island                  0x1fff046c    0x58  Data  Gb  image_process.o [1]
Island_process          0x00000e25    0x1a  Code  Gb  image_process.o [1]
KEY_Scan                0x000094d5    0x98  Code  Gb  mykey.o [1]
Key_Start_Flag          0x1fff6d88     0x1  Data  Gb  main.o [1]
Key_status              0x1fff6d85     0x1  Data  Gb  main.o [1]
LCD_DISPLAY_FLAG        0x1fff1049     0x1  Data  Gb  main.o [1]
LCD_DrawBigPoint        0x000048ff    0x34  Code  Gb  LCD.o [1]
LCD_DrawPoint           0x000048db    0x24  Code  Gb  LCD.o [1]
LCD_Draw_Line           0x0000481d    0xbe  Code  Gb  LCD.o [1]
LCD_PORT_init           0x00003c81    0x34  Code  Gb  LCD.o [1]
LCD_PutChar             0x000042e1    0x28  Code  Gb  LCD.o [1]
LCD_PutChar8x16         0x00004369    0x6c  Code  Gb  LCD.o [1]
LCD_PutString           0x00004309    0x60  Code  Gb  LCD.o [1]
LCD_Put_Int             0x000044b1   0x306  Code  Gb  LCD.o [1]
LCD_SetPos              0x00004283    0x5e  Code  Gb  LCD.o [1]
LCD_init                0x00003cb5   0x23c  Code  Gb  LCD.o [1]
L_AD_Ave                0x1fff20f4     0x4  Data  Gb  main.o [1]
MY_adc_init             0x00007ddb    0x14  Code  Gb  adc.o [1]
Master_Adc_Config       0x1fff1154    0x10  Data  Gb  adc.o [1]
Memory_use_Flag         0x1fff1081     0x1  Data  Gb  OV7725.o [1]
Motor1                  0x1fff20fc     0x4  Data  Gb  main.o [1]
Motor1_PID              0x1fff210c    0x38  Data  Gb  main.o [1]
Motor2                  0x1fff2100     0x4  Data  Gb  main.o [1]
Motor2_PID              0x1fff2144    0x38  Data  Gb  main.o [1]
Motor_enable_Flag       0x1fff104a     0x1  Data  Gb  main.o [1]
Motot2_Init             0x000098ed    0x20  Code  Gb  myPWM.o [1]
Out_Island              0x00001709   0x476  Code  Gb  image_process.o [1]
Out_Island_Test         0x0000200d   0x39e  Code  Gb  image_process.o [1]
Ov7725_Init             0x0000964d    0x12  Code  Gb  OV7725.o [1]
Ov7725_exti_Init        0x0000957d    0xb8  Code  Gb  OV7725.o [1]
Ov7725_reg_Init         0x0000965f    0xbe  Code  Gb  OV7725.o [1]
PID_Init                0x00007ecd    0x52  Code  Gb  pid.o [1]
PID_process             0x00007def    0x8e  Code  Gb  pid.o [1]
PIT0_IRQHandler         0x00006c59   0x242  Code  Gb  isr.o [1]
PIT2_IRQHandler         0x00006ea9     0xe  Code  Gb  isr.o [1]
PIT3_IRQHandler         0x00006e9b     0xe  Code  Gb  isr.o [1]
PORTA_IRQHandler        0x00006eb9    0x48  Code  Gb  isr.o [1]
PORTB_IRQHandler        0x00006f01    0x26  Code  Gb  isr.o [1]
PORTC_IRQHandler        0x00006eb7     0x2  Code  Gb  isr.o [1]
PORTE_IRQHandler        0x00007011     0x2  Code  Gb  isr.o [1]
PORTX                   0x1fff043c    0x14  Data  Gb  gpio.o [1]
P_TEMP2                 0x1fff104c     0x4  Data  Gb  main.o [1]
Parameters_init_CAR     0x000091d9   0x230  Code  Gb  Car_init.o [1]
PendSV_Handler          0x000068fd     0x2  Code  Gb  isr.o [1]
PutGB1616               0x000043d5    0xa4  Code  Gb  LCD.o [1]
R_AD_Ave                0x1fff20f8     0x4  Data  Gb  main.o [1]
Reduct_Flag             0x1fff6d87     0x1  Data  Gb  main.o [1]
Region$$Table$$Base     0x0000a090           --   Gb  - Linker created -
Region$$Table$$Limit    0x0000a0a0           --   Gb  - Linker created -
Reset_Handler           0x00000411          Code  Gb  crt0.o [1]
SCCB_Ack                0x00009a85    0x4c  Code  Lc  SCCB.o [1]
SCCB_GPIO_init          0x0000997f    0x1c  Code  Gb  SCCB.o [1]
SCCB_NoAck              0x00009ad1    0x4c  Code  Lc  SCCB.o [1]
SCCB_ReadByte           0x00009ce9    0x86  Code  Gb  SCCB.o [1]
SCCB_ReceiveByte        0x00009c0f    0x84  Code  Lc  SCCB.o [1]
SCCB_SendByte           0x00009ba5    0x6a  Code  Lc  SCCB.o [1]
SCCB_Start              0x0000999b    0xaa  Code  Lc  SCCB.o [1]
SCCB_Stop               0x00009a45    0x40  Code  Lc  SCCB.o [1]
SCCB_WaitAck            0x00009b1d    0x88  Code  Lc  SCCB.o [1]
SCCB_WriteByte          0x00009ca1    0x48  Code  Gb  SCCB.o [1]
SCCB_delay              0x00009965    0x1a  Code  Lc  SCCB.o [1]
SCI_Send_Datas          0x00007707    0xf8  Code  Gb  uart.o [1]
Send_Image_to_LCD       0x000047c1    0x58  Code  Gb  LCD.o [1]
Servo_Diff_PID          0x000079e1    0x74  Code  Gb  ISR_FUN.o [1]
Servo_PID               0x1fff21c4    0x38  Data  Gb  main.o [1]
Slow_Flag               0x1fff6d86     0x1  Data  Gb  main.o [1]
Speed_goal1             0x1fff1040     0x4  Data  Gb  main.o [1]
Speed_goal1_TEMP        0x1fff1054     0x4  Data  Gb  main.o [1]
Speed_goal2             0x1fff1044     0x4  Data  Gb  main.o [1]
Speed_goal2_TEMP        0x1fff1058     0x4  Data  Gb  main.o [1]
Speed_output            0x00007965    0x7c  Code  Gb  ISR_FUN.o [1]
Speed_stand             0x1fff6d7a     0x2  Data  Gb  main.o [1]
Stay2Out_test           0x000023c5   0x306  Code  Gb  image_process.o [1]
Stay_Island             0x00001561   0x18a  Code  Gb  image_process.o [1]
Str_Cross               0x00003bd9    0x96  Code  Gb  image_process.o [1]
Str_Cross_Test          0x00000daf    0x54  Code  Gb  image_process.o [1]
Switch_Status           0x1fff6d84     0x1  Data  Gb  main.o [1]
SysTick_Handler         0x00006901     0x2  Code  Gb  isr.o [1]
System_Init             0x00009121    0xb8  Code  Gb  Car_init.o [1]
Test_Far_Lie            0x00001f05    0xf4  Code  Gb  image_process.o [1]
TimeCnt_Start_Reduct_Flag
                        0x1fff04d0     0x1  Data  Gb  isr.o [1]
Time_1ms                0x1fff21b8     0x4  Data  Gb  main.o [1]
UARTx                   0x1fff10ec    0x18  Data  Gb  uart.o [1]
USART1_IRQHandler       0x00006903     0x2  Code  Gb  isr.o [1]
USART2_IRQHandler       0x00006905     0x2  Code  Gb  isr.o [1]
USART3_IRQHandler       0x00006907     0x2  Code  Gb  isr.o [1]
USART5_IRQHandler       0x00006909   0x34c  Code  Gb  isr.o [1]
VSYNC_IRQ               0x000067cd    0xd4  Code  Gb  isr.o [1]
Wait_Next_Island        0x000026d1    0xde  Code  Gb  image_process.o [1]
Wait_Next_center        0x000027af   0x39c  Code  Gb  image_process.o [1]
__BOOT_STACK_ADDRESS {Abs}
                        0x2000fff8           --   Gb  command line/config [2]
__VECTOR_RAM {Abs}      0x1fff0000           --   Gb  command line/config [2]
__VECTOR_TABLE {Abs}    0x00000000           --   Gb  command line/config [2]
__aeabi_cfcmple         0x00007f45          Code  Gb  FltCmpLe.o [4]
__aeabi_cfrcmple        0x00007f21          Code  Gb  FltCmpGe.o [4]
__aeabi_d2f             0x00008391          Code  Gb  DblToFlt.o [4]
__aeabi_d2iz            0x00004bc9          Code  Gb  DblToI32.o [4]
__aeabi_dadd            0x00004db9          Code  Gb  DblAdd.o [4]
__aeabi_ddiv            0x00004981          Code  Gb  DblDiv.o [4]
__aeabi_dmul            0x00004c15          Code  Gb  DblMul.o [4]
__aeabi_dsub            0x00004fd5          Code  Gb  DblSub.o [4]
__aeabi_f2d             0x00008341          Code  Gb  FltToDbl.o [4]
__aeabi_f2iz            0x00004f0d          Code  Gb  FltToS32.o [4]
__aeabi_fadd            0x000054b9          Code  Gb  FltAdd.o [4]
__aeabi_fmul            0x000052f9          Code  Gb  FltMul.o [4]
__aeabi_fsub            0x000053d1          Code  Gb  FltSub.o [4]
__aeabi_i2d             0x00004955          Code  Gb  I32ToDbl.o [4]
__aeabi_i2f             0x00004ea1          Code  Gb  I32ToFlt.o [4]
__aeabi_ui2f            0x00004eb5          Code  Gb  I32ToFlt.o [4]
__cmain                 0x0000a1d5          Code  Gb  cmain.o [5]
__code_start__ {Abs}    0x00000410           --   Gb  command line/config [2]
__exit                  0x0000a205    0x14  Code  Gb  exit.o [6]
__iar_d2uiz             0x00004bf5          Code  Gb  DblToI32.o [4]
__iar_dadd              0x00004dcd          Code  Gb  DblAdd.o [4]
__iar_data_init3        0x0000a045    0x28  Code  Gb  data_init.o [5]
__iar_dsub              0x00004fe9          Code  Gb  DblSub.o [4]
__iar_dsubStart         0x00004ffb          Code  Gb  DblSub.o [4]
__iar_fadd              0x000054c9          Code  Gb  FltAdd.o [4]
__iar_fsub              0x000053e1          Code  Gb  FltSub.o [4]
__iar_fsubStart         0x000053f1          Code  Gb  FltSub.o [4]
__iar_program_start     0x0000a4e5          Code  Gb  cstartup_M.o [5]
__iar_ui2d              0x00004969          Code  Gb  I32ToDbl.o [4]
__iar_ui2f              0x00004eb9          Code  Gb  I32ToFlt.o [4]
__iar_zero_init3        0x00004933    0x22  Code  Gb  zero_init3.o [5]
__low_level_init        0x0000a1ef     0x4  Code  Gb  low_level_init.o [3]
__vector_table          0x00000000   0x410  Data  Gb  vectors.o [1]
_call_main              0x0000a1e1          Code  Gb  cmain.o [5]
_exit                   0x0000a1f9          Code  Gb  cexit.o [5]
_main                   0x0000a1eb          Code  Gb  cmain.o [5]
ad_once                 0x00007ccf    0x7e  Code  Gb  adc.o [1]
adc_config_alt          0x00007db5    0x26  Code  Lc  adc.o [1]
adc_init                0x00007a99   0x236  Code  Gb  adc.o [1]
adc_start               0x00007d4d    0x48  Code  Gb  adc.o [1]
assert_failed           0x0000553d    0x18  Code  Gb  assert.o [1]
bus_clk_khz             0x1fff6d58     0x4  Data  Gb  sysinit.o [1]
button_timeout          0x1fff1048     0x1  Data  Gb  main.o [1]
cfgnum                  0x1fff10e8     0x1  Data  Gb  OV7725.o [1]
cmt_period              0x1fff6d74     0x2  Data  Gb  cmt.o [1]
cmt_pwm_duty            0x000084e5    0x46  Code  Gb  cmt.o [1]
cmt_pwm_init            0x00008421    0xc4  Code  Gb  cmt.o [1]
codeGB_16               0x1fff0cd4   0x36c  Data  Gb  LCD.o [1]
common_startup          0x00008abd    0xc0  Code  Gb  startup.o [1]
core_clk_khz            0x1fff6d50     0x4  Data  Gb  sysinit.o [1]
core_clk_mhz            0x1fff6d54     0x4  Data  Gb  sysinit.o [1]
cpu_identify            0x00008693   0x20a  Code  Gb  start.o [1]
default_isr             0x0000a549     0x8  Code  Gb  vectors.o [1]
delayms                 0x000052d5    0x1e  Code  Gb  delay.o [1]
dial_switch_Init        0x000097d1    0x74  Code  Gb  dial_switch.o [1]
dial_switch_Scan        0x00009845    0x82  Code  Gb  dial_switch.o [1]
diff_done_flag          0x1fff6d7c     0x1  Data  Gb  image_process.o [1]
disable_irq             0x000073f7    0x5e  Code  Gb  arm_cm4.o [1]
double_AD               0x00000e03    0x22  Code  Gb  image_process.o [1]
enable_irq              0x00007363    0x94  Code  Gb  arm_cm4.o [1]
exit                    0x0000a1f3     0x4  Code  Gb  exit.o [3]
filter_1st              0x00004ed5    0x36  Code  Gb  filter.o [1]
flash_identify          0x0000889d    0xbe  Code  Gb  start.o [1]
get_black_line          0x00000751   0x336  Code  Gb  image_process.o [1]
get_three_lie           0x00000a87   0x2d0  Code  Gb  image_process.o [1]
getspeed2_init          0x00007859    0x98  Code  Gb  getspeed.o [1]
gpio_init               0x000051c9    0xb6  Code  Gb  gpio.o [1]
image_process           0x0000044d   0x2d0  Code  Gb  image_process.o [1]
img_flag                0x1fff1082     0x1  Data  Gb  OV7725.o [1]
main                    0x00008bd9   0x24c  Code  Gb  main.o [1]
mcg_div                 0x1fff1078     0x8  Data  Gb  mcg.o [1]
min_u8_index            0x00004f51    0x32  Code  Gb  mymath.o [1]
myBEEP_Init             0x00005155    0x14  Code  Gb  beep.o [1]
myKEY_Init              0x00009495    0x40  Code  Gb  mykey.o [1]
myLED_Init              0x000098d1    0x1c  Code  Gb  LED.o [1]
out_char                0x0000a4a5    0x10  Code  Gb  io.o [1]
ov7725_get_img          0x00009635    0x18  Code  Gb  OV7725.o [1]
ov7727_reg              0x1fff1084    0x64  Data  Gb  OV7725.o [1]
pit_init                0x00009761    0x62  Code  Gb  PIT.o [1]
pll_init                0x00008e2d   0x2f4  Code  Gb  mcg.o [1]
port_init               0x0000990d    0x4a  Code  Gb  port.o [1]
port_init_NoALT         0x0000527f    0x44  Code  Gb  gpio.o [1]
power_s16               0x00004f83    0x1c  Code  Gb  mymath.o [1]
printf                  0x00005a8f    0x26  Code  Gb  printf.o [1]
printk                  0x0000567d   0x412  Code  Gb  printf.o [1]
printk_mknumstr         0x00005587    0xaa  Code  Lc  printf.o [1]
printk_pad_space        0x00005657    0x26  Code  Lc  printf.o [1]
printk_pad_zero         0x00005631    0x26  Code  Lc  printf.o [1]
printk_putc             0x00005555    0x32  Code  Lc  printf.o [1]
road_filter_flag        0x1fff6d7d     0x1  Data  Gb  image_process.o [1]
set_sys_dividers        0x1fff1105    0x50  Code  Gb  mcg.o [1]
stand_AD                0x1fff1074     0x2  Data  Gb  main.o [1]
stand_AD_L              0x1fff1070     0x2  Data  Gb  main.o [1]
stand_AD_R              0x1fff1072     0x2  Data  Gb  main.o [1]
stand_d                 0x1fff21c0     0x4  Data  Gb  main.o [1]
stand_p                 0x1fff21bc     0x4  Data  Gb  main.o [1]
start                   0x00008565   0x12e  Code  Gb  start.o [1]
strlen                  0x00005ab9    0x20  Code  Gb  stdlib.o [1]
sum_point               0x00004f9f    0x34  Code  Gb  mymath.o [1]
sysinit                 0x00008b7d    0x48  Code  Gb  sysinit.o [1]
uart_init               0x00007485   0x1f8  Code  Gb  uart.o [1]
uart_pendchar           0x0000767d    0x38  Code  Gb  uart.o [1]
uart_pendstr            0x000076b5    0x34  Code  Gb  uart.o [1]
uart_putchar            0x000076e9    0x1e  Code  Gb  uart.o [1]
wdog_disable            0x00008a85    0x16  Code  Gb  wdog.o [1]
wdog_unlock             0x00008a9d    0x16  Code  Gb  wdog.o [1]
write_command           0x00003ef1   0x1be  Code  Gb  LCD.o [1]
write_data              0x000040af   0x1be  Code  Gb  LCD.o [1]
write_vtor              0x0000735d     0x6  Code  Gb  arm_cm4.o [1]
write_word              0x0000426d    0x16  Code  Gb  LCD.o [1]


[1] = D:\MK60-shengsai\6.28改\build\fire_demo\Debug\Obj
[2] = command line
[3] = dl7M_tln.a
[4] = m7M_tl.a
[5] = rt7M_tl.a
[6] = shb_l.a

  36 090 bytes of readonly  code memory
      80 bytes of readwrite code memory
   6 228 bytes of readonly  data memory
  26 922 bytes of readwrite data memory

Errors: none
Warnings: none
