###############################################################################
#
# IAR ELF Linker V7.30.1.7746/W32 for ARM                 02/Jul/2018  19:10:14
# Copyright 2007-2014 IAR Systems AB.
#
#    Output file  =  
#        D:\MK60-shengsai\6.28改\build\fire_demo\Debug\Exe\fire_gpio_demo.out
#    Map file     =  
#        D:\MK60-shengsai\6.28改\build\fire_demo\Debug\List\fire_gpio_demo.map
#    Command line =  
#        D:\MK60-shengsai\6.28改\build\fire_demo\Debug\Obj\adc.o
#        D:\MK60-shengsai\6.28改\build\fire_demo\Debug\Obj\alloc.o
#        D:\MK60-shengsai\6.28改\build\fire_demo\Debug\Obj\arm_cm4.o
#        D:\MK60-shengsai\6.28改\build\fire_demo\Debug\Obj\assert.o
#        D:\MK60-shengsai\6.28改\build\fire_demo\Debug\Obj\beep.o
#        D:\MK60-shengsai\6.28改\build\fire_demo\Debug\Obj\Car_init.o
#        D:\MK60-shengsai\6.28改\build\fire_demo\Debug\Obj\cmt.o
#        D:\MK60-shengsai\6.28改\build\fire_demo\Debug\Obj\crt0.o
#        D:\MK60-shengsai\6.28改\build\fire_demo\Debug\Obj\define.o
#        D:\MK60-shengsai\6.28改\build\fire_demo\Debug\Obj\delay.o
#        D:\MK60-shengsai\6.28改\build\fire_demo\Debug\Obj\dial_switch.o
#        D:\MK60-shengsai\6.28改\build\fire_demo\Debug\Obj\dma.o
#        D:\MK60-shengsai\6.28改\build\fire_demo\Debug\Obj\exti.o
#        D:\MK60-shengsai\6.28改\build\fire_demo\Debug\Obj\filter.o
#        D:\MK60-shengsai\6.28改\build\fire_demo\Debug\Obj\FTM.o
#        D:\MK60-shengsai\6.28改\build\fire_demo\Debug\Obj\getspeed.o
#        D:\MK60-shengsai\6.28改\build\fire_demo\Debug\Obj\gpio.o
#        D:\MK60-shengsai\6.28改\build\fire_demo\Debug\Obj\i2c.o
#        D:\MK60-shengsai\6.28改\src\LIB\CMSIS\iar_cortexM4l_math.a
#        D:\MK60-shengsai\6.28改\build\fire_demo\Debug\Obj\image_process.o
#        D:\MK60-shengsai\6.28改\build\fire_demo\Debug\Obj\io.o
#        D:\MK60-shengsai\6.28改\build\fire_demo\Debug\Obj\isr.o
#        D:\MK60-shengsai\6.28改\build\fire_demo\Debug\Obj\ISR_FUN.o
#        D:\MK60-shengsai\6.28改\build\fire_demo\Debug\Obj\LCD.o
#        D:\MK60-shengsai\6.28改\build\fire_demo\Debug\Obj\LED.o
#        D:\MK60-shengsai\6.28改\build\fire_demo\Debug\Obj\lptmr.o
#        D:\MK60-shengsai\6.28改\build\fire_demo\Debug\Obj\main.o
#        D:\MK60-shengsai\6.28改\build\fire_demo\Debug\Obj\mcg.o
#        D:\MK60-shengsai\6.28改\build\fire_demo\Debug\Obj\memtest.o
#        D:\MK60-shengsai\6.28改\build\fire_demo\Debug\Obj\MK60_spi.o
#        D:\MK60-shengsai\6.28改\build\fire_demo\Debug\Obj\mykey.o
#        D:\MK60-shengsai\6.28改\build\fire_demo\Debug\Obj\mymath.o
#        D:\MK60-shengsai\6.28改\build\fire_demo\Debug\Obj\mypower.o
#        D:\MK60-shengsai\6.28改\build\fire_demo\Debug\Obj\myPWM.o
#        D:\MK60-shengsai\6.28改\build\fire_demo\Debug\Obj\OV7725.o
#        D:\MK60-shengsai\6.28改\build\fire_demo\Debug\Obj\pid.o
#        D:\MK60-shengsai\6.28改\build\fire_demo\Debug\Obj\PIT.o
#        D:\MK60-shengsai\6.28改\build\fire_demo\Debug\Obj\port.o
#        D:\MK60-shengsai\6.28改\build\fire_demo\Debug\Obj\printf.o
#        D:\MK60-shengsai\6.28改\build\fire_demo\Debug\Obj\queue.o
#        D:\MK60-shengsai\6.28改\build\fire_demo\Debug\Obj\SCCB.o
#        D:\MK60-shengsai\6.28改\build\fire_demo\Debug\Obj\sdhc.o
#        D:\MK60-shengsai\6.28改\build\fire_demo\Debug\Obj\start.o
#        D:\MK60-shengsai\6.28改\build\fire_demo\Debug\Obj\startup.o
#        D:\MK60-shengsai\6.28改\build\fire_demo\Debug\Obj\stdlib.o
#        D:\MK60-shengsai\6.28改\build\fire_demo\Debug\Obj\sysinit.o
#        D:\MK60-shengsai\6.28改\build\fire_demo\Debug\Obj\uart.o
#        D:\MK60-shengsai\6.28改\build\fire_demo\Debug\Obj\uif.o
#        D:\MK60-shengsai\6.28改\build\fire_demo\Debug\Obj\vectors.o
#        D:\MK60-shengsai\6.28改\build\fire_demo\Debug\Obj\wdog.o -o
#        D:\MK60-shengsai\6.28改\build\fire_demo\Debug\Exe\fire_gpio_demo.out
#        --map
#        D:\MK60-shengsai\6.28改\build\fire_demo\Debug\List\fire_gpio_demo.map
#        --config "D:\MK60-shengsai\6.28改\build\fire_demo\..\config
#        files\fire_ROM_K60N512.icf" --semihosting --entry __iar_program_start
#        "C:\Program Files (x86)\IAR Systems\Embedded Workbench
#        7.0\arm\CMSIS\Lib\IAR\iar_cortexM4l_math.a" --vfe
#
###############################################################################

*******************************************************************************
*** RUNTIME MODEL ATTRIBUTES
***

CppFlavor       = *
__SystemLibrary = DLib


*******************************************************************************
*** PLACEMENT SUMMARY
***

"A1":  place at 0x00000000 { ro section .intvec };
"A2":  place at 0x00000410 { ro section .noinit };
"P1":  place in [from 0x00000000 to 0x00040000] { ro, block CodeRelocate };
"P2":  place in [from 0x1fff0410 to 0x20010000] {
          rw, block CodeRelocateRam, block CSTACK, block HEAP };

  Section              Kind        Address    Size  Object
  -------              ----        -------    ----  ------
"A1":                                        0x410
  .intvec              const    0x00000000   0x410  vectors.o [1]
                              - 0x00000410   0x410

"P1", part 1 of 2:                             0x0
  .rodata              const    0x00000410     0x0  zero_init3.o [5]

"A2":                                         0x3c
  .noinit              ro code  0x00000410    0x3c  crt0.o [1]
                              - 0x0000044c    0x3c

"P1", part 2 of 2:                          0xa28c
  .text                ro code  0x0000044c  0x39d8  image_process.o [1]
  .text                ro code  0x00003e24   0xcb2  LCD.o [1]
  .text                ro code  0x00004ad6    0x22  zero_init3.o [5]
  .text                ro code  0x00004af8    0x2c  I32ToDbl.o [4]
  .text                ro code  0x00004b24   0x246  DblDiv.o [4]
  .text                ro code  0x00004d6c    0x4c  DblToI32.o [4]
  .text                ro code  0x00004db8   0x1a2  DblMul.o [4]
  .text                ro code  0x00004f5c    0xe8  DblAdd.o [4]
  .text                ro code  0x00005044    0x32  I32ToFlt.o [4]
  .text                ro code  0x00005078    0x36  filter.o [1]
  .text                ro code  0x000050b0    0x44  FltToS32.o [4]
  .text                ro code  0x000050f4    0x82  mymath.o [1]
  .text                ro code  0x00005178   0x180  DblSub.o [4]
  .text                ro code  0x000052f8   0x10c  gpio.o [1]
  .text                ro code  0x00005404    0x24  delay.o [1]
  .text                ro code  0x00005428    0xd8  FltMul.o [4]
  .text                ro code  0x00005500    0xe6  FltSub.o [4]
  .text                ro code  0x000055e8    0x84  FltAdd.o [4]
  .text                ro code  0x0000566c    0x18  assert.o [1]
  .text                ro code  0x00005684   0x564  printf.o [1]
  .text                ro code  0x00005be8    0x20  stdlib.o [1]
  .data_init                    0x00005c08   0xd08  <Block>
    Initializer bytes  ro data  0x00005c08   0xd08  <for .data-1>
  .text                ro code  0x00006910   0x888  isr.o [1]
  .text                ro code  0x00007198   0x344  dma.o [1]
  .text                ro code  0x000074dc   0x128  arm_cm4.o [1]
  .text                ro code  0x00007604   0x3d4  uart.o [1]
  .text                ro code  0x000079d8    0x74  beep.o [1]
  .text                ro code  0x00007a4c   0x10c  getspeed.o [1]
  .text                ro code  0x00007b58   0x1d4  ISR_FUN.o [1]
  .text                ro code  0x00007d2c   0x130  pid.o [1]
  .text                ro code  0x00007e5c    0x24  FltCmpGe.o [4]
  .text                ro code  0x00007e80    0x24  FltCmpLe.o [4]
  .text                ro code  0x00007ea4   0x3d8  FTM.o [1]
  .text                ro code  0x0000827c   0x356  adc.o [1]
  .text                ro code  0x000085d4   0x144  cmt.o [1]
  .text                ro code  0x00008718   0x520  start.o [1]
  .text                ro code  0x00008c38    0x38  wdog.o [1]
  .text                ro code  0x00008c70    0xc0  startup.o [1]
  .text                ro code  0x00008d30    0x5c  sysinit.o [1]
  .text                ro code  0x00008d8c   0x1d8  main.o [1]
  Veneer               ro code  0x00008f64     0x8  - Linker created -
  .text                ro code  0x00008f6c   0x2f4  mcg.o [1]
  .text                ro code  0x00009260   0x37c  Car_init.o [1]
  .text                ro code  0x000095dc   0x128  mykey.o [1]
  .text                ro code  0x00009704   0x1e4  OV7725.o [1]
  .text                ro code  0x000098e8    0x70  PIT.o [1]
  .text                ro code  0x00009958   0x100  dial_switch.o [1]
  .text                ro code  0x00009a58    0x1c  LED.o [1]
  .text                ro code  0x00009a74    0x20  myPWM.o [1]
  .text                ro code  0x00009a94    0x58  port.o [1]
  .text                ro code  0x00009aec   0x40a  SCCB.o [1]
  CodeRelocate                  0x00009ef8    0x50  <Block>
    Initializer bytes  ro data  0x00009ef8    0x50  <for CodeRelocateRam-1>
  .rodata              const    0x00009f48    0x4c  assert.o [1]
  .rodata              const    0x00009f94    0x48  start.o [1]
  .rodata              const    0x00009fdc    0x40  start.o [1]
  .rodata              const    0x0000a01c    0x3c  arm_cm4.o [1]
  .rodata              const    0x0000a058    0x38  arm_cm4.o [1]
  .rodata              const    0x0000a090    0x30  adc.o [1]
  .rodata              const    0x0000a0c0    0x30  dma.o [1]
  .rodata              const    0x0000a0f0    0x30  FTM.o [1]
  .rodata              const    0x0000a120    0x30  gpio.o [1]
  .rodata              const    0x0000a150    0x2c  start.o [1]
  .rodata              const    0x0000a17c    0x28  start.o [1]
  .rodata              const    0x0000a1a4    0x28  start.o [1]
  .text                ro code  0x0000a1cc    0x28  data_init.o [5]
  .rodata              const    0x0000a1f4    0x24  OV7725.o [1]
  .iar.init_table      const    0x0000a218    0x10  - Linker created -
  .rodata              const    0x0000a228    0x20  OV7725.o [1]
  .rodata              const    0x0000a248    0x20  OV7725.o [1]
  .rodata              const    0x0000a268    0x20  start.o [1]
  .rodata              const    0x0000a288    0x20  start.o [1]
  .rodata              const    0x0000a2a8    0x20  start.o [1]
  .rodata              const    0x0000a2c8    0x20  start.o [1]
  .rodata              const    0x0000a2e8    0x20  start.o [1]
  .rodata              const    0x0000a308    0x1c  start.o [1]
  .rodata              const    0x0000a324    0x1c  start.o [1]
  .rodata              const    0x0000a340    0x1c  start.o [1]
  .text                ro code  0x0000a35c    0x1a  cmain.o [5]
  .text                ro code  0x0000a376     0x4  low_level_init.o [3]
  .text                ro code  0x0000a37a     0x4  exit.o [3]
  .text                ro code  0x0000a380     0xa  cexit.o [5]
  .text                ro code  0x0000a38c    0x14  exit.o [6]
  .rodata              const    0x0000a3a0    0x18  OV7725.o [1]
  .rodata              const    0x0000a3b8    0x18  start.o [1]
  .rodata              const    0x0000a3d0    0x18  start.o [1]
  .rodata              const    0x0000a3e8    0x18  start.o [1]
  .rodata              const    0x0000a400    0x18  start.o [1]
  .rodata              const    0x0000a418    0x18  start.o [1]
  .rodata              const    0x0000a430    0x18  start.o [1]
  .rodata              const    0x0000a448    0x18  start.o [1]
  .rodata              const    0x0000a460    0x18  start.o [1]
  .rodata              const    0x0000a478    0x14  OV7725.o [1]
  .rodata              const    0x0000a48c    0x14  start.o [1]
  .rodata              const    0x0000a4a0    0x14  start.o [1]
  .rodata              const    0x0000a4b4    0x14  start.o [1]
  .rodata              const    0x0000a4c8    0x14  start.o [1]
  .rodata              const    0x0000a4dc    0x14  start.o [1]
  .rodata              const    0x0000a4f0    0x14  start.o [1]
  .rodata              const    0x0000a504    0x14  start.o [1]
  .rodata              const    0x0000a518    0x14  start.o [1]
  .rodata              const    0x0000a52c    0x10  isr.o [1]
  .rodata              const    0x0000a53c    0x10  isr.o [1]
  .rodata              const    0x0000a54c    0x10  OV7725.o [1]
  .rodata              const    0x0000a55c    0x10  start.o [1]
  .rodata              const    0x0000a56c    0x10  start.o [1]
  .rodata              const    0x0000a57c    0x10  start.o [1]
  .rodata              const    0x0000a58c    0x10  start.o [1]
  .rodata              const    0x0000a59c    0x10  start.o [1]
  .rodata              const    0x0000a5ac    0x10  start.o [1]
  .rodata              const    0x0000a5bc    0x10  start.o [1]
  .rodata              const    0x0000a5cc    0x10  start.o [1]
  .rodata              const    0x0000a5dc    0x10  start.o [1]
  .rodata              const    0x0000a5ec    0x10  start.o [1]
  .rodata              const    0x0000a5fc    0x10  start.o [1]
  .rodata              const    0x0000a60c    0x10  start.o [1]
  .rodata              const    0x0000a61c    0x10  start.o [1]
  .text                ro code  0x0000a62c    0x10  io.o [1]
  .rodata              const    0x0000a63c     0xc  start.o [1]
  .rodata              const    0x0000a648     0xc  start.o [1]
  .rodata              const    0x0000a654     0xc  start.o [1]
  .rodata              const    0x0000a660     0xc  start.o [1]
  .text                ro code  0x0000a66c     0xc  cstartup_M.o [5]
  .rodata              const    0x0000a678     0x8  image_process.o [1]
  .rodata              const    0x0000a680     0x8  image_process.o [1]
  .rodata              const    0x0000a688     0x8  isr.o [1]
  .rodata              const    0x0000a690     0x8  start.o [1]
  .rodata              const    0x0000a698     0x8  start.o [1]
  .rodata              const    0x0000a6a0     0x8  start.o [1]
  .rodata              const    0x0000a6a8     0x8  start.o [1]
  .rodata              const    0x0000a6b0     0x8  start.o [1]
  .rodata              const    0x0000a6b8     0x8  start.o [1]
  .rodata              const    0x0000a6c0     0x8  start.o [1]
  .rodata              const    0x0000a6c8     0x8  start.o [1]
  .text                ro code  0x0000a6d0     0x8  vectors.o [1]
                              - 0x0000a6d8  0xa28c

"P2":                                       0x69b0
  .data                         0x1fff0410   0xd08  <Block>
    .data-1                     0x1fff0410   0xd08  <Init block>
      .data            inited   0x1fff0410     0x8  adc.o [1]
      .data            inited   0x1fff0418     0x4  beep.o [1]
      .data            inited   0x1fff041c     0xc  FTM.o [1]
      .data            inited   0x1fff0428    0x14  gpio.o [1]
      .data            inited   0x1fff043c    0x14  gpio.o [1]
      .data            inited   0x1fff0450    0x14  image_process.o [1]
      .data            inited   0x1fff0464     0x8  image_process.o [1]
      .data            inited   0x1fff046c    0x58  image_process.o [1]
      .data            inited   0x1fff04c4    0x10  image_process.o [1]
      .data            inited   0x1fff04d4     0x1  isr.o [1]
      .data            inited   0x1fff04d8   0x800  LCD.o [1]
      .data            inited   0x1fff0cd8   0x36c  LCD.o [1]
      .data            inited   0x1fff1044     0x4  main.o [1]
      .data            inited   0x1fff1048     0x4  main.o [1]
      .data            inited   0x1fff104c     0x4  main.o [1]
      .data            inited   0x1fff1050     0x4  main.o [1]
      .data            inited   0x1fff1054     0x1  main.o [1]
      .data            inited   0x1fff1055     0x1  main.o [1]
      .data            inited   0x1fff1056     0x1  main.o [1]
      .data            inited   0x1fff1057     0x1  main.o [1]
      .data            inited   0x1fff1058     0x4  main.o [1]
      .data            inited   0x1fff105c     0x4  main.o [1]
      .data            inited   0x1fff1060     0x4  main.o [1]
      .data            inited   0x1fff1064     0x4  main.o [1]
      .data            inited   0x1fff1068     0x1  main.o [1]
      .data            inited   0x1fff106c     0x4  main.o [1]
      .data            inited   0x1fff1070     0x4  main.o [1]
      .data            inited   0x1fff1074     0x1  main.o [1]
      .data            inited   0x1fff1078     0x4  main.o [1]
      .data            inited   0x1fff107c     0x2  main.o [1]
      .data            inited   0x1fff107e     0x2  main.o [1]
      .data            inited   0x1fff1080     0x2  main.o [1]
      .data            inited   0x1fff1084     0x8  main.o [1]
      .data            inited   0x1fff108c     0x8  mcg.o [1]
      .data            inited   0x1fff1094     0x1  mykey.o [1]
      .data            inited   0x1fff1095     0x1  OV7725.o [1]
      .data            inited   0x1fff1096     0x1  OV7725.o [1]
      .data            inited   0x1fff1098    0x64  OV7725.o [1]
      .data            inited   0x1fff10fc     0x1  OV7725.o [1]
      .data            inited   0x1fff1100    0x18  uart.o [1]
  CodeRelocateRam               0x1fff1118    0x50  <Block>
    CodeRelocateRam-1           0x1fff1118    0x50  <Init block>
      .textrw          inited   0x1fff1118    0x50  mcg.o [1]
  .bss                          0x1fff1168  0x5c58  <Block>
    .bss               zero     0x1fff1168    0x10  adc.o [1]
    .bss               zero     0x1fff1178   0x140  image_process.o [1]
    .bss               zero     0x1fff12b8   0xe14  image_process.o [1]
    .bss               zero     0x1fff20cc     0xc  image_process.o [1]
    .bss               zero     0x1fff20d8     0x4  image_process.o [1]
    .bss               zero     0x1fff20dc     0x4  image_process.o [1]
    .bss               zero     0x1fff20e0     0x4  image_process.o [1]
    .bss               zero     0x1fff20e4    0x14  image_process.o [1]
    .bss               zero     0x1fff20f8     0x4  isr.o [1]
    .bss               zero     0x1fff20fc     0x8  isr.o [1]
    .bss               zero     0x1fff2104     0x4  isr.o [1]
    .bss               zero     0x1fff2108     0x4  isr.o [1]
    .bss               zero     0x1fff210c     0x4  isr.o [1]
    .bss               zero     0x1fff2110     0xc  ISR_FUN.o [1]
    .bss               zero     0x1fff211c     0xc  ISR_FUN.o [1]
    .bss               zero     0x1fff2128     0x4  main.o [1]
    .bss               zero     0x1fff212c     0x4  main.o [1]
    .bss               zero     0x1fff2130     0x4  main.o [1]
    .bss               zero     0x1fff2134     0x4  main.o [1]
    .bss               zero     0x1fff2138     0x4  main.o [1]
    .bss               zero     0x1fff213c     0x4  main.o [1]
    .bss               zero     0x1fff2140    0x38  main.o [1]
    .bss               zero     0x1fff2178    0x38  main.o [1]
    .bss               zero     0x1fff21b0    0x38  main.o [1]
    .bss               zero     0x1fff21e8     0x4  main.o [1]
    .bss               zero     0x1fff21ec     0x4  main.o [1]
    .bss               zero     0x1fff21f0     0x4  main.o [1]
    .bss               zero     0x1fff21f4     0x4  main.o [1]
    .bss               zero     0x1fff21f8    0x38  main.o [1]
    .bss               zero     0x1fff2230  0x25a8  OV7725.o [1]
    .bss               zero     0x1fff47d8  0x25a8  OV7725.o [1]
    .bss               zero     0x1fff6d80     0x4  OV7725.o [1]
    .bss               zero     0x1fff6d84     0x4  sysinit.o [1]
    .bss               zero     0x1fff6d88     0x4  sysinit.o [1]
    .bss               zero     0x1fff6d8c     0x4  sysinit.o [1]
    .bss               zero     0x1fff6d90    0x18  uart.o [1]
    .bss               zero     0x1fff6da8     0x2  cmt.o [1]
    .bss               zero     0x1fff6daa     0x2  LCD.o [1]
    .bss               zero     0x1fff6dac     0x2  LCD.o [1]
    .bss               zero     0x1fff6dae     0x2  main.o [1]
    .bss               zero     0x1fff6db0     0x1  image_process.o [1]
    .bss               zero     0x1fff6db1     0x1  image_process.o [1]
    .bss               zero     0x1fff6db2     0x1  image_process.o [1]
    .bss               zero     0x1fff6db3     0x1  image_process.o [1]
    .bss               zero     0x1fff6db4     0x1  image_process.o [1]
    .bss               zero     0x1fff6db5     0x1  isr.o [1]
    .bss               zero     0x1fff6db6     0x1  isr.o [1]
    .bss               zero     0x1fff6db7     0x1  isr.o [1]
    .bss               zero     0x1fff6db8     0x1  ISR_FUN.o [1]
    .bss               zero     0x1fff6db9     0x1  main.o [1]
    .bss               zero     0x1fff6dba     0x1  main.o [1]
    .bss               zero     0x1fff6dbb     0x1  main.o [1]
    .bss               zero     0x1fff6dbc     0x1  main.o [1]
    .bss               zero     0x1fff6dbd     0x1  main.o [1]
    .bss               zero     0x1fff6dbe     0x1  main.o [1]
                              - 0x1fff6dc0  0x69b0


*******************************************************************************
*** INIT TABLE
***

          Address     Size
          -------     ----
Zero (__iar_zero_init3)
    1 destination range, total size 0x5c57:
          0x1fff1168  0x5c57



*******************************************************************************
*** MODULE SUMMARY
***

    Module            ro code  rw code  ro data  rw data
    ------            -------  -------  -------  -------
D:\MK60-shengsai\6.28改\build\fire_demo\Debug\Obj: [1]
    Car_init.o            892
    FTM.o                 984                60       12
    ISR_FUN.o             468                         25
    LCD.o               3 250             2 927    2 928
    LED.o                  28
    OV7725.o              484               264   19 387
    PIT.o                 112
    SCCB.o              1 034
    adc.o                 854                56       24
    arm_cm4.o             296               116
    assert.o               24                76
    beep.o                116                 4        4
    cmt.o                 324                          2
    crt0.o                 60
    delay.o                36
    dial_switch.o         256
    dma.o                 836                48
    filter.o               54
    getspeed.o            268
    gpio.o                268                88       40
    image_process.o    14 808               148    4 105
    io.o                   16
    isr.o               2 184                41       28
    main.o                472                72      336
    mcg.o                 756       80       88        8
    myPWM.o                32
    mykey.o               296                 1        1
    mymath.o              130
    pid.o                 304
    port.o                 88
    printf.o            1 380
    start.o             1 312             1 176
    startup.o             192
    stdlib.o               32
    sysinit.o              92                         12
    uart.o                980                27       48
    vectors.o               8             1 040
    wdog.o                 56
    ----------------------------------------------------
    Total:             33 782       80    6 232   26 960

command line: [2]
    ----------------------------------------------------
    Total:

dl7M_tln.a: [3]
    exit.o                  4
    low_level_init.o        4
    ----------------------------------------------------
    Total:                  8

m7M_tl.a: [4]
    DblAdd.o              232
    DblDiv.o              582
    DblMul.o              418
    DblSub.o              384
    DblToI32.o             76
    FltAdd.o              132
    FltCmpGe.o             36
    FltCmpLe.o             36
    FltMul.o              216
    FltSub.o              230
    FltToS32.o             68
    I32ToDbl.o             44
    I32ToFlt.o             50
    ----------------------------------------------------
    Total:              2 504

rt7M_tl.a: [5]
    cexit.o                10
    cmain.o                26
    cstartup_M.o           12
    data_init.o            40
    zero_init3.o           34
    ----------------------------------------------------
    Total:                122

shb_l.a: [6]
    exit.o                 20
    ----------------------------------------------------
    Total:                 20

    Gaps                   18                         15
    Linker created          8                16
--------------------------------------------------------
    Grand Total:       36 462       80    6 248   26 975


*******************************************************************************
*** ENTRY LIST
***

Entry                      Address    Size  Type      Object
-----                      -------    ----  ----      ------
.bss$$Base              0x1fff1168           --   Gb  - Linker created -
.bss$$Limit             0x1fff6dc0           --   Gb  - Linker created -
.data$$Base             0x1fff0410           --   Gb  - Linker created -
.data$$Limit            0x1fff1118           --   Gb  - Linker created -
.data_init$$Base        0x00005c08           --   Gb  - Linker created -
.data_init$$Limit       0x00006910           --   Gb  - Linker created -
?main                   0x0000a35d          Code  Gb  cmain.o [5]
ADCx                    0x1fff0410     0x8  Data  Gb  adc.o [1]
AD_new                  0x00007bd5    0xa8  Code  Gb  ISR_FUN.o [1]
ASSERT_FAILED_STR       0x00009f48    0x4c  Data  Gb  assert.o [1]
Acc_K                   0x1fff1078     0x4  Data  Gb  main.o [1]
Acc_Limit               0x1fff1074     0x1  Data  Gb  main.o [1]
BEEP_Open_once          0x000079ed    0x22  Code  Gb  beep.o [1]
Back_Color              0x1fff6dac     0x2  Data  Gb  LCD.o [1]
Beep_ISR                0x00007a25    0x24  Code  Gb  beep.o [1]
Beep_Once               0x00007a0f    0x16  Code  Gb  beep.o [1]
Blue_Start_Flag         0x1fff1057     0x1  Data  Gb  main.o [1]
Brush_Color             0x1fff6daa     0x2  Data  Gb  LCD.o [1]
Center_Filter           0x1fff0450    0x14  Data  Gb  image_process.o [1]
CenterlineToDiff        0x00000d81    0x58  Code  Gb  image_process.o [1]
CodeRelocate$$Base      0x00009ef8           --   Gb  - Linker created -
CodeRelocate$$Limit     0x00009f48           --   Gb  - Linker created -
CodeRelocateRam$$Base   0x1fff1118           --   Gb  - Linker created -
CodeRelocateRam$$Limit  0x1fff1168           --   Gb  - Linker created -
Cross                   0x1fff04c4    0x10  Data  Gb  image_process.o [1]
Cross_center_test       0x0000355d   0x32a  Code  Gb  image_process.o [1]
Cross_curve_test        0x00002fa5   0x5b2  Code  Gb  image_process.o [1]
Cross_pre_test          0x000038a9   0x31a  Code  Gb  image_process.o [1]
Cross_process           0x00002b01    0x26  Code  Gb  image_process.o [1]
DIFF_DOWN               0x1fff1070     0x4  Data  Gb  main.o [1]
DIFF_PID_CHANGE_FLAG    0x1fff6dbe     0x1  Data  Gb  main.o [1]
DIFF_UP                 0x1fff106c     0x4  Data  Gb  main.o [1]
DMA0_IRQHandler         0x000069e5    0x5c  Code  Gb  isr.o [1]
DMA_PORTx2BUFF_Init     0x00007199   0x30a  Code  Gb  dma.o [1]
Diff_PID                0x1fff21b0    0x38  Data  Gb  main.o [1]
Diff_PID_Process        0x00007dbb    0x50  Code  Gb  pid.o [1]
Diff_error              0x1fff21e8     0x4  Data  Gb  main.o [1]
Disp_single_colour      0x0000461d    0x34  Code  Gb  LCD.o [1]
Duty_Motor1             0x1fff2138     0x4  Data  Gb  main.o [1]
Duty_Motor2             0x1fff213c     0x4  Data  Gb  main.o [1]
Elec_Island             0x00000e7f    0x8e  Code  Gb  image_process.o [1]
FTM0_IRQHandler         0x00007193     0x2  Code  Gb  isr.o [1]
FTM1_IRQHandler         0x00007195     0x2  Code  Gb  isr.o [1]
FTM2_IRQHandler         0x00007197     0x2  Code  Gb  isr.o [1]
FTM_PWM_Duty            0x000081bf    0x76  Code  Gb  FTM.o [1]
FTM_PWM_init            0x00007ea5   0x31a  Code  Gb  FTM.o [1]
FTMx                    0x1fff041c     0xc  Data  Gb  FTM.o [1]
Find_Start_line         0x00003c63   0x13c  Code  Gb  image_process.o [1]
Font8x16                0x1fff04d8   0x800  Data  Gb  LCD.o [1]
GPIOx                   0x1fff0428    0x14  Data  Gb  gpio.o [1]
Get_speed2              0x00007ae5    0x4a  Code  Gb  getspeed.o [1]
HardFault_Handler       0x00006a43     0x2  Code  Gb  isr.o [1]
I_TEMP2                 0x1fff105c     0x4  Data  Gb  main.o [1]
ImageData               0x1fff1178   0x140  Data  Gb  image_process.o [1]
Image_Flag              0x1fff1068     0x1  Data  Gb  main.o [1]
Image_Island_Test       0x00001b71   0x346  Code  Gb  image_process.o [1]
Image_Island_Test_Beep  0x1fff0418     0x4  Data  Gb  beep.o [1]
Image_fire              0x1fff6d80     0x4  Data  Gb  OV7725.o [1]
Image_fire_Memory1      0x1fff2230  0x25a8  Data  Gb  OV7725.o [1]
Image_fire_Memory2      0x1fff47d8  0x25a8  Data  Gb  OV7725.o [1]
Image_hang              0x1fff12b8   0xe14  Data  Gb  image_process.o [1]
Image_lie               0x1fff0464     0x8  Data  Gb  image_process.o [1]
In_Cross                0x00002b65   0x432  Code  Gb  image_process.o [1]
In_Cross_test           0x00002b27    0x34  Code  Gb  image_process.o [1]
In_Island               0x00000f31   0x3a2  Code  Gb  image_process.o [1]
In_Island_center        0x000012e9   0x2b4  Code  Gb  image_process.o [1]
Island                  0x1fff046c    0x58  Data  Gb  image_process.o [1]
Island_process          0x00000e65    0x1a  Code  Gb  image_process.o [1]
KEY_Scan                0x00009631    0xc0  Code  Gb  mykey.o [1]
Key_Start_Flag          0x1fff6dbd     0x1  Data  Gb  main.o [1]
Key_status              0x1fff6dba     0x1  Data  Gb  main.o [1]
LCD_DISPLAY_FLAG        0x1fff1055     0x1  Data  Gb  main.o [1]
LCD_DrawBigPoint        0x00004aa3    0x34  Code  Gb  LCD.o [1]
LCD_DrawPoint           0x00004a7f    0x24  Code  Gb  LCD.o [1]
LCD_Draw_Line           0x000049c1    0xbe  Code  Gb  LCD.o [1]
LCD_PORT_init           0x00003e25    0x34  Code  Gb  LCD.o [1]
LCD_PutChar             0x00004485    0x28  Code  Gb  LCD.o [1]
LCD_PutChar8x16         0x0000450d    0x6c  Code  Gb  LCD.o [1]
LCD_PutString           0x000044ad    0x60  Code  Gb  LCD.o [1]
LCD_Put_Int             0x00004655   0x306  Code  Gb  LCD.o [1]
LCD_SetPos              0x00004427    0x5e  Code  Gb  LCD.o [1]
LCD_init                0x00003e59   0x23c  Code  Gb  LCD.o [1]
L_AD_Ave                0x1fff2128     0x4  Data  Gb  main.o [1]
L_AD_Sum                0x1fff1044     0x4  Data  Gb  main.o [1]
MY_adc_init             0x000085bf    0x14  Code  Gb  adc.o [1]
Master_Adc_Config       0x1fff1168    0x10  Data  Gb  adc.o [1]
Memory_use_Flag         0x1fff1095     0x1  Data  Gb  OV7725.o [1]
Motor1                  0x1fff2130     0x4  Data  Gb  main.o [1]
Motor1_PID              0x1fff2140    0x38  Data  Gb  main.o [1]
Motor2                  0x1fff2134     0x4  Data  Gb  main.o [1]
Motor2_PID              0x1fff2178    0x38  Data  Gb  main.o [1]
Motor_enable_Flag       0x1fff1056     0x1  Data  Gb  main.o [1]
Motot2_Init             0x00009a75    0x20  Code  Gb  myPWM.o [1]
Out_Island              0x00001741   0x412  Code  Gb  image_process.o [1]
Out_Island_Test         0x00001fc5   0x390  Code  Gb  image_process.o [1]
Ov7725_Init             0x000097d5    0x12  Code  Gb  OV7725.o [1]
Ov7725_exti_Init        0x00009705    0xb8  Code  Gb  OV7725.o [1]
Ov7725_reg_Init         0x000097e7    0xbe  Code  Gb  OV7725.o [1]
PID_Init                0x00007e0b    0x52  Code  Gb  pid.o [1]
PID_process             0x00007d2d    0x8e  Code  Gb  pid.o [1]
PIT0_IRQHandler         0x00006d9d   0x276  Code  Gb  isr.o [1]
PIT2_IRQHandler         0x00007021     0xe  Code  Gb  isr.o [1]
PIT3_IRQHandler         0x00007013     0xe  Code  Gb  isr.o [1]
PORTA_IRQHandler        0x00007031    0x48  Code  Gb  isr.o [1]
PORTB_IRQHandler        0x00007079    0x26  Code  Gb  isr.o [1]
PORTC_IRQHandler        0x0000702f     0x2  Code  Gb  isr.o [1]
PORTE_IRQHandler        0x00007191     0x2  Code  Gb  isr.o [1]
PORTX                   0x1fff043c    0x14  Data  Gb  gpio.o [1]
P_TEMP2                 0x1fff1058     0x4  Data  Gb  main.o [1]
Parameters_init_CAR     0x00009319   0x22e  Code  Gb  Car_init.o [1]
PendSV_Handler          0x00006a41     0x2  Code  Gb  isr.o [1]
PutGB1616               0x00004579    0xa4  Code  Gb  LCD.o [1]
R_AD_Ave                0x1fff212c     0x4  Data  Gb  main.o [1]
R_AD_Sum                0x1fff1048     0x4  Data  Gb  main.o [1]
Reduct_Flag             0x1fff6dbc     0x1  Data  Gb  main.o [1]
Region$$Table$$Base     0x0000a218           --   Gb  - Linker created -
Region$$Table$$Limit    0x0000a228           --   Gb  - Linker created -
Reset_Handler           0x00000411          Code  Gb  crt0.o [1]
SCCB_Ack                0x00009c0d    0x4c  Code  Lc  SCCB.o [1]
SCCB_GPIO_init          0x00009b07    0x1c  Code  Gb  SCCB.o [1]
SCCB_NoAck              0x00009c59    0x4c  Code  Lc  SCCB.o [1]
SCCB_ReadByte           0x00009e71    0x86  Code  Gb  SCCB.o [1]
SCCB_ReceiveByte        0x00009d97    0x84  Code  Lc  SCCB.o [1]
SCCB_SendByte           0x00009d2d    0x6a  Code  Lc  SCCB.o [1]
SCCB_Start              0x00009b23    0xaa  Code  Lc  SCCB.o [1]
SCCB_Stop               0x00009bcd    0x40  Code  Lc  SCCB.o [1]
SCCB_WaitAck            0x00009ca5    0x88  Code  Lc  SCCB.o [1]
SCCB_WriteByte          0x00009e29    0x48  Code  Gb  SCCB.o [1]
SCCB_delay              0x00009aed    0x1a  Code  Lc  SCCB.o [1]
SCI_Send_Datas          0x00007887    0xf8  Code  Gb  uart.o [1]
Send_Image_to_LCD       0x00004965    0x58  Code  Gb  LCD.o [1]
Servo_Diff_PID          0x00007c7d    0x54  Code  Gb  ISR_FUN.o [1]
Servo_PID               0x1fff21f8    0x38  Data  Gb  main.o [1]
Slow_Flag               0x1fff6dbb     0x1  Data  Gb  main.o [1]
Speed_goal1             0x1fff104c     0x4  Data  Gb  main.o [1]
Speed_goal1_TEMP        0x1fff1060     0x4  Data  Gb  main.o [1]
Speed_goal2             0x1fff1050     0x4  Data  Gb  main.o [1]
Speed_goal2_TEMP        0x1fff1064     0x4  Data  Gb  main.o [1]
Speed_output            0x00007b59    0x7c  Code  Gb  ISR_FUN.o [1]
Speed_stand             0x1fff6dae     0x2  Data  Gb  main.o [1]
Start_Line_process      0x00003da5    0x66  Code  Gb  image_process.o [1]
Start_line              0x1fff1084     0x8  Data  Gb  main.o [1]
Stay2Out_test           0x00002375   0x30e  Code  Gb  image_process.o [1]
Stay_Island             0x000015a5   0x18a  Code  Gb  image_process.o [1]
Str_Cross               0x00003bc3    0xa0  Code  Gb  image_process.o [1]
Str_Cross_Test          0x00000dd9    0x54  Code  Gb  image_process.o [1]
Switch_Status           0x1fff6db9     0x1  Data  Gb  main.o [1]
SysTick_Handler         0x00006a45     0x2  Code  Gb  isr.o [1]
System_Init             0x00009261    0xb8  Code  Gb  Car_init.o [1]
Test_Far_Lie            0x00001eb7    0xf4  Code  Gb  image_process.o [1]
TimeCnt_Start_Reduct_Flag
                        0x1fff04d4     0x1  Data  Gb  isr.o [1]
Time_1ms                0x1fff21ec     0x4  Data  Gb  main.o [1]
UARTx                   0x1fff1100    0x18  Data  Gb  uart.o [1]
USART1_IRQHandler       0x00006a47     0x2  Code  Gb  isr.o [1]
USART2_IRQHandler       0x00006a49     0x2  Code  Gb  isr.o [1]
USART3_IRQHandler       0x00006a4b     0x2  Code  Gb  isr.o [1]
USART5_IRQHandler       0x00006a4d   0x34c  Code  Gb  isr.o [1]
VSYNC_IRQ               0x00006911    0xd4  Code  Gb  isr.o [1]
Wait_Next_Island        0x00002683    0xde  Code  Gb  image_process.o [1]
Wait_Next_center        0x00002765   0x39c  Code  Gb  image_process.o [1]
__BOOT_STACK_ADDRESS {Abs}
                        0x2000fff8           --   Gb  command line/config [2]
__VECTOR_RAM {Abs}      0x1fff0000           --   Gb  command line/config [2]
__VECTOR_TABLE {Abs}    0x00000000           --   Gb  command line/config [2]
__aeabi_cfcmple         0x00007e81          Code  Gb  FltCmpLe.o [4]
__aeabi_cfrcmple        0x00007e5d          Code  Gb  FltCmpGe.o [4]
__aeabi_d2iz            0x00004d6d          Code  Gb  DblToI32.o [4]
__aeabi_dadd            0x00004f5d          Code  Gb  DblAdd.o [4]
__aeabi_ddiv            0x00004b25          Code  Gb  DblDiv.o [4]
__aeabi_dmul            0x00004db9          Code  Gb  DblMul.o [4]
__aeabi_dsub            0x00005179          Code  Gb  DblSub.o [4]
__aeabi_f2iz            0x000050b1          Code  Gb  FltToS32.o [4]
__aeabi_fadd            0x000055e9          Code  Gb  FltAdd.o [4]
__aeabi_fmul            0x00005429          Code  Gb  FltMul.o [4]
__aeabi_fsub            0x00005501          Code  Gb  FltSub.o [4]
__aeabi_i2d             0x00004af9          Code  Gb  I32ToDbl.o [4]
__aeabi_i2f             0x00005045          Code  Gb  I32ToFlt.o [4]
__aeabi_ui2f            0x00005059          Code  Gb  I32ToFlt.o [4]
__cmain                 0x0000a35d          Code  Gb  cmain.o [5]
__code_start__ {Abs}    0x00000410           --   Gb  command line/config [2]
__exit                  0x0000a38d    0x14  Code  Gb  exit.o [6]
__iar_d2uiz             0x00004d99          Code  Gb  DblToI32.o [4]
__iar_dadd              0x00004f71          Code  Gb  DblAdd.o [4]
__iar_data_init3        0x0000a1cd    0x28  Code  Gb  data_init.o [5]
__iar_dsub              0x0000518d          Code  Gb  DblSub.o [4]
__iar_dsubStart         0x0000519f          Code  Gb  DblSub.o [4]
__iar_fadd              0x000055f9          Code  Gb  FltAdd.o [4]
__iar_fsub              0x00005511          Code  Gb  FltSub.o [4]
__iar_fsubStart         0x00005521          Code  Gb  FltSub.o [4]
__iar_program_start     0x0000a66d          Code  Gb  cstartup_M.o [5]
__iar_ui2d              0x00004b0d          Code  Gb  I32ToDbl.o [4]
__iar_ui2f              0x0000505d          Code  Gb  I32ToFlt.o [4]
__iar_zero_init3        0x00004ad7    0x22  Code  Gb  zero_init3.o [5]
__low_level_init        0x0000a377     0x4  Code  Gb  low_level_init.o [3]
__vector_table          0x00000000   0x410  Data  Gb  vectors.o [1]
_call_main              0x0000a369          Code  Gb  cmain.o [5]
_exit                   0x0000a381          Code  Gb  cexit.o [5]
_main                   0x0000a373          Code  Gb  cmain.o [5]
ad_once                 0x000084b3    0x7e  Code  Gb  adc.o [1]
adc_config_alt          0x00008599    0x26  Code  Lc  adc.o [1]
adc_init                0x0000827d   0x236  Code  Gb  adc.o [1]
adc_start               0x00008531    0x48  Code  Gb  adc.o [1]
assert_failed           0x0000566d    0x18  Code  Gb  assert.o [1]
bus_clk_khz             0x1fff6d8c     0x4  Data  Gb  sysinit.o [1]
button_timeout          0x1fff1054     0x1  Data  Gb  main.o [1]
cfgnum                  0x1fff10fc     0x1  Data  Gb  OV7725.o [1]
cmt_period              0x1fff6da8     0x2  Data  Gb  cmt.o [1]
cmt_pwm_duty            0x00008699    0x46  Code  Gb  cmt.o [1]
cmt_pwm_init            0x000085d5    0xc4  Code  Gb  cmt.o [1]
codeGB_16               0x1fff0cd8   0x36c  Data  Gb  LCD.o [1]
common_startup          0x00008c71    0xc0  Code  Gb  startup.o [1]
core_clk_khz            0x1fff6d84     0x4  Data  Gb  sysinit.o [1]
core_clk_mhz            0x1fff6d88     0x4  Data  Gb  sysinit.o [1]
cpu_identify            0x00008847   0x20a  Code  Gb  start.o [1]
default_isr             0x0000a6d1     0x8  Code  Gb  vectors.o [1]
delayms                 0x00005405    0x1e  Code  Gb  delay.o [1]
dial_switch_Init        0x00009959    0x74  Code  Gb  dial_switch.o [1]
dial_switch_Scan        0x000099cd    0x82  Code  Gb  dial_switch.o [1]
diff_done_flag          0x1fff6db0     0x1  Data  Gb  image_process.o [1]
disable_irq             0x00007577    0x5e  Code  Gb  arm_cm4.o [1]
double_AD               0x00000e2d    0x38  Code  Gb  image_process.o [1]
enable_irq              0x000074e3    0x94  Code  Gb  arm_cm4.o [1]
exit                    0x0000a37b     0x4  Code  Gb  exit.o [3]
filter_1st              0x00005079    0x36  Code  Gb  filter.o [1]
flash_identify          0x00008a51    0xbe  Code  Gb  start.o [1]
get_black_line          0x00000779   0x338  Code  Gb  image_process.o [1]
get_three_lie           0x00000ab1   0x2d0  Code  Gb  image_process.o [1]
getspeed2_init          0x00007a4d    0x98  Code  Gb  getspeed.o [1]
gpio_init               0x000052f9    0xb6  Code  Gb  gpio.o [1]
image_process           0x0000044d   0x2f6  Code  Gb  image_process.o [1]
img_flag                0x1fff1096     0x1  Data  Gb  OV7725.o [1]
main                    0x00008d8d   0x1d8  Code  Gb  main.o [1]
mcg_div                 0x1fff108c     0x8  Data  Gb  mcg.o [1]
min_u8_index            0x000050f5    0x32  Code  Gb  mymath.o [1]
myBEEP_Init             0x000079d9    0x14  Code  Gb  beep.o [1]
myKEY_Init              0x000095dd    0x54  Code  Gb  mykey.o [1]
myLED_Init              0x00009a59    0x1c  Code  Gb  LED.o [1]
out_char                0x0000a62d    0x10  Code  Gb  io.o [1]
ov7725_get_img          0x000097bd    0x18  Code  Gb  OV7725.o [1]
ov7727_reg              0x1fff1098    0x64  Data  Gb  OV7725.o [1]
pit_init                0x000098e9    0x62  Code  Gb  PIT.o [1]
pll_init                0x00008f6d   0x2f4  Code  Gb  mcg.o [1]
port_init               0x00009a95    0x4a  Code  Gb  port.o [1]
port_init_NoALT         0x000053af    0x44  Code  Gb  gpio.o [1]
power_s16               0x00005127    0x1c  Code  Gb  mymath.o [1]
printf                  0x00005bbf    0x26  Code  Gb  printf.o [1]
printk                  0x000057ad   0x412  Code  Gb  printf.o [1]
printk_mknumstr         0x000056b7    0xaa  Code  Lc  printf.o [1]
printk_pad_space        0x00005787    0x26  Code  Lc  printf.o [1]
printk_pad_zero         0x00005761    0x26  Code  Lc  printf.o [1]
printk_putc             0x00005685    0x32  Code  Lc  printf.o [1]
road_filter_flag        0x1fff6db1     0x1  Data  Gb  image_process.o [1]
set_sys_dividers        0x1fff1119    0x50  Code  Gb  mcg.o [1]
stand_AD                0x1fff1080     0x2  Data  Gb  main.o [1]
stand_AD_L              0x1fff107c     0x2  Data  Gb  main.o [1]
stand_AD_R              0x1fff107e     0x2  Data  Gb  main.o [1]
stand_d                 0x1fff21f4     0x4  Data  Gb  main.o [1]
stand_p                 0x1fff21f0     0x4  Data  Gb  main.o [1]
start                   0x00008719   0x12e  Code  Gb  start.o [1]
strlen                  0x00005be9    0x20  Code  Gb  stdlib.o [1]
sum_point               0x00005143    0x34  Code  Gb  mymath.o [1]
sysinit                 0x00008d31    0x48  Code  Gb  sysinit.o [1]
uart_init               0x00007605   0x1f8  Code  Gb  uart.o [1]
uart_pendchar           0x000077fd    0x38  Code  Gb  uart.o [1]
uart_pendstr            0x00007835    0x34  Code  Gb  uart.o [1]
uart_putchar            0x00007869    0x1e  Code  Gb  uart.o [1]
wdog_disable            0x00008c39    0x16  Code  Gb  wdog.o [1]
wdog_unlock             0x00008c51    0x16  Code  Gb  wdog.o [1]
write_command           0x00004095   0x1be  Code  Gb  LCD.o [1]
write_data              0x00004253   0x1be  Code  Gb  LCD.o [1]
write_vtor              0x000074dd     0x6  Code  Gb  arm_cm4.o [1]
write_word              0x00004411    0x16  Code  Gb  LCD.o [1]


[1] = D:\MK60-shengsai\6.28改\build\fire_demo\Debug\Obj
[2] = command line
[3] = dl7M_tln.a
[4] = m7M_tl.a
[5] = rt7M_tl.a
[6] = shb_l.a

  36 462 bytes of readonly  code memory
      80 bytes of readwrite code memory
   6 248 bytes of readonly  data memory
  26 975 bytes of readwrite data memory

Errors: none
Warnings: none
